Archive member included to satisfy reference by file (symbol)

D:\miescritorio\aplicaciones y juegos\pdisc\pdiscDabul\lpc_chip_175x_6x\Debug\liblpc_chip_175x_6x.a(iocon_17xx_40xx.o)
                              ./src/myblinky01.o (Chip_IOCON_PinMux)
D:\miescritorio\aplicaciones y juegos\pdisc\pdiscDabul\lpc_chip_175x_6x\Debug\liblpc_chip_175x_6x.a(sysinit_17xx_40xx.o)
                              ./src/sysinit.o (Chip_SystemInit)
D:\miescritorio\aplicaciones y juegos\pdisc\pdiscDabul\lpc_chip_175x_6x\Debug\liblpc_chip_175x_6x.a(clock_17xx_40xx.o)
                              D:\miescritorio\aplicaciones y juegos\pdisc\pdiscDabul\lpc_chip_175x_6x\Debug\liblpc_chip_175x_6x.a(sysinit_17xx_40xx.o) (Chip_Clock_EnablePLL)
d:/nxp/mcuxpressoide_10.0.2_411/ide/tools/bin/../lib/gcc/arm-none-eabi/5.4.1/../../../../arm-none-eabi/lib/armv7-m\libcr_c.a(__weak__main.o)
                              ./src/cr_startup_lpc175x_6x.o (__main)

Discarded input sections

 .group         0x00000000        0x8 ./src/cr_startup_lpc175x_6x.o
 .text          0x00000000        0x0 ./src/cr_startup_lpc175x_6x.o
 .data          0x00000000        0x0 ./src/cr_startup_lpc175x_6x.o
 .bss           0x00000000        0x0 ./src/cr_startup_lpc175x_6x.o
 .group         0x00000000        0x8 ./src/crp.o
 .group         0x00000000        0x8 ./src/crp.o
 .text          0x00000000        0x0 ./src/crp.o
 .data          0x00000000        0x0 ./src/crp.o
 .bss           0x00000000        0x0 ./src/crp.o
 .debug_macro   0x00000000      0x88c ./src/crp.o
 .group         0x00000000        0x8 ./src/myblinky01.o
 .group         0x00000000        0x8 ./src/myblinky01.o
 .group         0x00000000        0x8 ./src/myblinky01.o
 .group         0x00000000        0x8 ./src/myblinky01.o
 .group         0x00000000        0x8 ./src/myblinky01.o
 .group         0x00000000        0x8 ./src/myblinky01.o
 .group         0x00000000        0x8 ./src/myblinky01.o
 .group         0x00000000        0x8 ./src/myblinky01.o
 .group         0x00000000        0x8 ./src/myblinky01.o
 .group         0x00000000        0x8 ./src/myblinky01.o
 .group         0x00000000        0x8 ./src/myblinky01.o
 .group         0x00000000        0x8 ./src/myblinky01.o
 .group         0x00000000        0x8 ./src/myblinky01.o
 .group         0x00000000        0x8 ./src/myblinky01.o
 .group         0x00000000        0x8 ./src/myblinky01.o
 .group         0x00000000        0x8 ./src/myblinky01.o
 .group         0x00000000        0x8 ./src/myblinky01.o
 .group         0x00000000        0x8 ./src/myblinky01.o
 .group         0x00000000        0x8 ./src/myblinky01.o
 .group         0x00000000        0x8 ./src/myblinky01.o
 .group         0x00000000        0x8 ./src/myblinky01.o
 .group         0x00000000        0x8 ./src/myblinky01.o
 .group         0x00000000        0x8 ./src/myblinky01.o
 .group         0x00000000        0x8 ./src/myblinky01.o
 .group         0x00000000        0x8 ./src/myblinky01.o
 .group         0x00000000        0x8 ./src/myblinky01.o
 .group         0x00000000        0x8 ./src/myblinky01.o
 .group         0x00000000        0x8 ./src/myblinky01.o
 .group         0x00000000        0x8 ./src/myblinky01.o
 .group         0x00000000        0x8 ./src/myblinky01.o
 .group         0x00000000        0x8 ./src/myblinky01.o
 .group         0x00000000        0x8 ./src/myblinky01.o
 .group         0x00000000        0x8 ./src/myblinky01.o
 .group         0x00000000        0x8 ./src/myblinky01.o
 .group         0x00000000        0x8 ./src/myblinky01.o
 .group         0x00000000        0x8 ./src/myblinky01.o
 .text          0x00000000        0x0 ./src/myblinky01.o
 .data          0x00000000        0x0 ./src/myblinky01.o
 .bss           0x00000000        0x0 ./src/myblinky01.o
 .debug_macro   0x00000000      0x88c ./src/myblinky01.o
 .group         0x00000000        0x8 ./src/sysinit.o
 .group         0x00000000        0x8 ./src/sysinit.o
 .group         0x00000000        0x8 ./src/sysinit.o
 .group         0x00000000        0x8 ./src/sysinit.o
 .group         0x00000000        0x8 ./src/sysinit.o
 .group         0x00000000        0x8 ./src/sysinit.o
 .group         0x00000000        0x8 ./src/sysinit.o
 .group         0x00000000        0x8 ./src/sysinit.o
 .group         0x00000000        0x8 ./src/sysinit.o
 .group         0x00000000        0x8 ./src/sysinit.o
 .group         0x00000000        0x8 ./src/sysinit.o
 .group         0x00000000        0x8 ./src/sysinit.o
 .group         0x00000000        0x8 ./src/sysinit.o
 .group         0x00000000        0x8 ./src/sysinit.o
 .group         0x00000000        0x8 ./src/sysinit.o
 .group         0x00000000        0x8 ./src/sysinit.o
 .group         0x00000000        0x8 ./src/sysinit.o
 .group         0x00000000        0x8 ./src/sysinit.o
 .group         0x00000000        0x8 ./src/sysinit.o
 .group         0x00000000        0x8 ./src/sysinit.o
 .group         0x00000000        0x8 ./src/sysinit.o
 .group         0x00000000        0x8 ./src/sysinit.o
 .group         0x00000000        0x8 ./src/sysinit.o
 .group         0x00000000        0x8 ./src/sysinit.o
 .group         0x00000000        0x8 ./src/sysinit.o
 .group         0x00000000        0x8 ./src/sysinit.o
 .group         0x00000000        0x8 ./src/sysinit.o
 .group         0x00000000        0x8 ./src/sysinit.o
 .group         0x00000000        0x8 ./src/sysinit.o
 .group         0x00000000        0x8 ./src/sysinit.o
 .group         0x00000000        0x8 ./src/sysinit.o
 .group         0x00000000        0x8 ./src/sysinit.o
 .group         0x00000000        0x8 ./src/sysinit.o
 .group         0x00000000        0x8 ./src/sysinit.o
 .group         0x00000000        0x8 ./src/sysinit.o
 .text          0x00000000        0x0 ./src/sysinit.o
 .data          0x00000000        0x0 ./src/sysinit.o
 .bss           0x00000000        0x0 ./src/sysinit.o
 .rodata.OscRateIn
                0x00000000        0x4 ./src/sysinit.o
 .rodata.RTCOscRateIn
                0x00000000        0x4 ./src/sysinit.o
 .debug_macro   0x00000000      0x88c ./src/sysinit.o
 .debug_macro   0x00000000       0x10 ./src/sysinit.o
 .debug_macro   0x00000000      0x12d ./src/sysinit.o
 .debug_macro   0x00000000      0x5b2 ./src/sysinit.o
 .debug_macro   0x00000000       0x22 ./src/sysinit.o
 .debug_macro   0x00000000       0x7b ./src/sysinit.o
 .debug_macro   0x00000000       0x10 ./src/sysinit.o
 .debug_macro   0x00000000       0x2d ./src/sysinit.o
 .debug_macro   0x00000000       0x3a ./src/sysinit.o
 .debug_macro   0x00000000       0x2d ./src/sysinit.o
 .debug_macro   0x00000000      0xbb1 ./src/sysinit.o
 .debug_macro   0x00000000      0x22c ./src/sysinit.o
 .debug_macro   0x00000000       0x42 ./src/sysinit.o
 .debug_macro   0x00000000       0x52 ./src/sysinit.o
 .debug_macro   0x00000000       0x78 ./src/sysinit.o
 .debug_macro   0x00000000       0x82 ./src/sysinit.o
 .debug_macro   0x00000000      0x48c ./src/sysinit.o
 .debug_macro   0x00000000       0x34 ./src/sysinit.o
 .debug_macro   0x00000000      0x4c5 ./src/sysinit.o
 .debug_macro   0x00000000      0x1b7 ./src/sysinit.o
 .debug_macro   0x00000000       0x10 ./src/sysinit.o
 .debug_macro   0x00000000      0x21b ./src/sysinit.o
 .debug_macro   0x00000000      0x1b9 ./src/sysinit.o
 .debug_macro   0x00000000       0x40 ./src/sysinit.o
 .debug_macro   0x00000000       0x22 ./src/sysinit.o
 .debug_macro   0x00000000      0x162 ./src/sysinit.o
 .debug_macro   0x00000000       0x94 ./src/sysinit.o
 .debug_macro   0x00000000       0xb8 ./src/sysinit.o
 .debug_macro   0x00000000       0x4c ./src/sysinit.o
 .debug_macro   0x00000000       0x16 ./src/sysinit.o
 .debug_macro   0x00000000      0x328 ./src/sysinit.o
 .debug_macro   0x00000000       0x49 ./src/sysinit.o
 .debug_macro   0x00000000       0x16 ./src/sysinit.o
 .debug_macro   0x00000000       0xca ./src/sysinit.o
 .debug_macro   0x00000000       0x18 ./src/sysinit.o
 .group         0x00000000        0x8 D:\miescritorio\aplicaciones y juegos\pdisc\pdiscDabul\lpc_chip_175x_6x\Debug\liblpc_chip_175x_6x.a(iocon_17xx_40xx.o)
 .group         0x00000000        0x8 D:\miescritorio\aplicaciones y juegos\pdisc\pdiscDabul\lpc_chip_175x_6x\Debug\liblpc_chip_175x_6x.a(iocon_17xx_40xx.o)
 .group         0x00000000        0x8 D:\miescritorio\aplicaciones y juegos\pdisc\pdiscDabul\lpc_chip_175x_6x\Debug\liblpc_chip_175x_6x.a(iocon_17xx_40xx.o)
 .group         0x00000000        0x8 D:\miescritorio\aplicaciones y juegos\pdisc\pdiscDabul\lpc_chip_175x_6x\Debug\liblpc_chip_175x_6x.a(iocon_17xx_40xx.o)
 .group         0x00000000        0x8 D:\miescritorio\aplicaciones y juegos\pdisc\pdiscDabul\lpc_chip_175x_6x\Debug\liblpc_chip_175x_6x.a(iocon_17xx_40xx.o)
 .group         0x00000000        0x8 D:\miescritorio\aplicaciones y juegos\pdisc\pdiscDabul\lpc_chip_175x_6x\Debug\liblpc_chip_175x_6x.a(iocon_17xx_40xx.o)
 .group         0x00000000        0x8 D:\miescritorio\aplicaciones y juegos\pdisc\pdiscDabul\lpc_chip_175x_6x\Debug\liblpc_chip_175x_6x.a(iocon_17xx_40xx.o)
 .group         0x00000000        0x8 D:\miescritorio\aplicaciones y juegos\pdisc\pdiscDabul\lpc_chip_175x_6x\Debug\liblpc_chip_175x_6x.a(iocon_17xx_40xx.o)
 .group         0x00000000        0x8 D:\miescritorio\aplicaciones y juegos\pdisc\pdiscDabul\lpc_chip_175x_6x\Debug\liblpc_chip_175x_6x.a(iocon_17xx_40xx.o)
 .group         0x00000000        0x8 D:\miescritorio\aplicaciones y juegos\pdisc\pdiscDabul\lpc_chip_175x_6x\Debug\liblpc_chip_175x_6x.a(iocon_17xx_40xx.o)
 .group         0x00000000        0x8 D:\miescritorio\aplicaciones y juegos\pdisc\pdiscDabul\lpc_chip_175x_6x\Debug\liblpc_chip_175x_6x.a(iocon_17xx_40xx.o)
 .group         0x00000000        0x8 D:\miescritorio\aplicaciones y juegos\pdisc\pdiscDabul\lpc_chip_175x_6x\Debug\liblpc_chip_175x_6x.a(iocon_17xx_40xx.o)
 .group         0x00000000        0x8 D:\miescritorio\aplicaciones y juegos\pdisc\pdiscDabul\lpc_chip_175x_6x\Debug\liblpc_chip_175x_6x.a(iocon_17xx_40xx.o)
 .group         0x00000000        0x8 D:\miescritorio\aplicaciones y juegos\pdisc\pdiscDabul\lpc_chip_175x_6x\Debug\liblpc_chip_175x_6x.a(iocon_17xx_40xx.o)
 .group         0x00000000        0x8 D:\miescritorio\aplicaciones y juegos\pdisc\pdiscDabul\lpc_chip_175x_6x\Debug\liblpc_chip_175x_6x.a(iocon_17xx_40xx.o)
 .group         0x00000000        0x8 D:\miescritorio\aplicaciones y juegos\pdisc\pdiscDabul\lpc_chip_175x_6x\Debug\liblpc_chip_175x_6x.a(iocon_17xx_40xx.o)
 .group         0x00000000        0x8 D:\miescritorio\aplicaciones y juegos\pdisc\pdiscDabul\lpc_chip_175x_6x\Debug\liblpc_chip_175x_6x.a(iocon_17xx_40xx.o)
 .group         0x00000000        0x8 D:\miescritorio\aplicaciones y juegos\pdisc\pdiscDabul\lpc_chip_175x_6x\Debug\liblpc_chip_175x_6x.a(iocon_17xx_40xx.o)
 .group         0x00000000        0x8 D:\miescritorio\aplicaciones y juegos\pdisc\pdiscDabul\lpc_chip_175x_6x\Debug\liblpc_chip_175x_6x.a(iocon_17xx_40xx.o)
 .group         0x00000000        0x8 D:\miescritorio\aplicaciones y juegos\pdisc\pdiscDabul\lpc_chip_175x_6x\Debug\liblpc_chip_175x_6x.a(iocon_17xx_40xx.o)
 .group         0x00000000        0x8 D:\miescritorio\aplicaciones y juegos\pdisc\pdiscDabul\lpc_chip_175x_6x\Debug\liblpc_chip_175x_6x.a(iocon_17xx_40xx.o)
 .group         0x00000000        0x8 D:\miescritorio\aplicaciones y juegos\pdisc\pdiscDabul\lpc_chip_175x_6x\Debug\liblpc_chip_175x_6x.a(iocon_17xx_40xx.o)
 .group         0x00000000        0x8 D:\miescritorio\aplicaciones y juegos\pdisc\pdiscDabul\lpc_chip_175x_6x\Debug\liblpc_chip_175x_6x.a(iocon_17xx_40xx.o)
 .group         0x00000000        0x8 D:\miescritorio\aplicaciones y juegos\pdisc\pdiscDabul\lpc_chip_175x_6x\Debug\liblpc_chip_175x_6x.a(iocon_17xx_40xx.o)
 .group         0x00000000        0x8 D:\miescritorio\aplicaciones y juegos\pdisc\pdiscDabul\lpc_chip_175x_6x\Debug\liblpc_chip_175x_6x.a(iocon_17xx_40xx.o)
 .group         0x00000000        0x8 D:\miescritorio\aplicaciones y juegos\pdisc\pdiscDabul\lpc_chip_175x_6x\Debug\liblpc_chip_175x_6x.a(iocon_17xx_40xx.o)
 .group         0x00000000        0x8 D:\miescritorio\aplicaciones y juegos\pdisc\pdiscDabul\lpc_chip_175x_6x\Debug\liblpc_chip_175x_6x.a(iocon_17xx_40xx.o)
 .group         0x00000000        0x8 D:\miescritorio\aplicaciones y juegos\pdisc\pdiscDabul\lpc_chip_175x_6x\Debug\liblpc_chip_175x_6x.a(iocon_17xx_40xx.o)
 .group         0x00000000        0x8 D:\miescritorio\aplicaciones y juegos\pdisc\pdiscDabul\lpc_chip_175x_6x\Debug\liblpc_chip_175x_6x.a(iocon_17xx_40xx.o)
 .group         0x00000000        0x8 D:\miescritorio\aplicaciones y juegos\pdisc\pdiscDabul\lpc_chip_175x_6x\Debug\liblpc_chip_175x_6x.a(iocon_17xx_40xx.o)
 .group         0x00000000        0x8 D:\miescritorio\aplicaciones y juegos\pdisc\pdiscDabul\lpc_chip_175x_6x\Debug\liblpc_chip_175x_6x.a(iocon_17xx_40xx.o)
 .group         0x00000000        0x8 D:\miescritorio\aplicaciones y juegos\pdisc\pdiscDabul\lpc_chip_175x_6x\Debug\liblpc_chip_175x_6x.a(iocon_17xx_40xx.o)
 .group         0x00000000        0x8 D:\miescritorio\aplicaciones y juegos\pdisc\pdiscDabul\lpc_chip_175x_6x\Debug\liblpc_chip_175x_6x.a(iocon_17xx_40xx.o)
 .group         0x00000000        0x8 D:\miescritorio\aplicaciones y juegos\pdisc\pdiscDabul\lpc_chip_175x_6x\Debug\liblpc_chip_175x_6x.a(iocon_17xx_40xx.o)
 .group         0x00000000        0x8 D:\miescritorio\aplicaciones y juegos\pdisc\pdiscDabul\lpc_chip_175x_6x\Debug\liblpc_chip_175x_6x.a(iocon_17xx_40xx.o)
 .text          0x00000000        0x0 D:\miescritorio\aplicaciones y juegos\pdisc\pdiscDabul\lpc_chip_175x_6x\Debug\liblpc_chip_175x_6x.a(iocon_17xx_40xx.o)
 .data          0x00000000        0x0 D:\miescritorio\aplicaciones y juegos\pdisc\pdiscDabul\lpc_chip_175x_6x\Debug\liblpc_chip_175x_6x.a(iocon_17xx_40xx.o)
 .bss           0x00000000        0x0 D:\miescritorio\aplicaciones y juegos\pdisc\pdiscDabul\lpc_chip_175x_6x\Debug\liblpc_chip_175x_6x.a(iocon_17xx_40xx.o)
 .text.Chip_IOCON_PinMuxSet
                0x00000000       0x38 D:\miescritorio\aplicaciones y juegos\pdisc\pdiscDabul\lpc_chip_175x_6x\Debug\liblpc_chip_175x_6x.a(iocon_17xx_40xx.o)
 .text.Chip_IOCON_SetPinMuxing
                0x00000000       0x64 D:\miescritorio\aplicaciones y juegos\pdisc\pdiscDabul\lpc_chip_175x_6x\Debug\liblpc_chip_175x_6x.a(iocon_17xx_40xx.o)
 .debug_macro   0x00000000       0x10 D:\miescritorio\aplicaciones y juegos\pdisc\pdiscDabul\lpc_chip_175x_6x\Debug\liblpc_chip_175x_6x.a(iocon_17xx_40xx.o)
 .debug_macro   0x00000000      0x12d D:\miescritorio\aplicaciones y juegos\pdisc\pdiscDabul\lpc_chip_175x_6x\Debug\liblpc_chip_175x_6x.a(iocon_17xx_40xx.o)
 .debug_macro   0x00000000      0x5b2 D:\miescritorio\aplicaciones y juegos\pdisc\pdiscDabul\lpc_chip_175x_6x\Debug\liblpc_chip_175x_6x.a(iocon_17xx_40xx.o)
 .debug_macro   0x00000000       0x22 D:\miescritorio\aplicaciones y juegos\pdisc\pdiscDabul\lpc_chip_175x_6x\Debug\liblpc_chip_175x_6x.a(iocon_17xx_40xx.o)
 .debug_macro   0x00000000       0x7b D:\miescritorio\aplicaciones y juegos\pdisc\pdiscDabul\lpc_chip_175x_6x\Debug\liblpc_chip_175x_6x.a(iocon_17xx_40xx.o)
 .debug_macro   0x00000000       0x10 D:\miescritorio\aplicaciones y juegos\pdisc\pdiscDabul\lpc_chip_175x_6x\Debug\liblpc_chip_175x_6x.a(iocon_17xx_40xx.o)
 .debug_macro   0x00000000       0x2d D:\miescritorio\aplicaciones y juegos\pdisc\pdiscDabul\lpc_chip_175x_6x\Debug\liblpc_chip_175x_6x.a(iocon_17xx_40xx.o)
 .debug_macro   0x00000000       0x3a D:\miescritorio\aplicaciones y juegos\pdisc\pdiscDabul\lpc_chip_175x_6x\Debug\liblpc_chip_175x_6x.a(iocon_17xx_40xx.o)
 .debug_macro   0x00000000       0x2d D:\miescritorio\aplicaciones y juegos\pdisc\pdiscDabul\lpc_chip_175x_6x\Debug\liblpc_chip_175x_6x.a(iocon_17xx_40xx.o)
 .debug_macro   0x00000000      0xbb1 D:\miescritorio\aplicaciones y juegos\pdisc\pdiscDabul\lpc_chip_175x_6x\Debug\liblpc_chip_175x_6x.a(iocon_17xx_40xx.o)
 .debug_macro   0x00000000      0x22c D:\miescritorio\aplicaciones y juegos\pdisc\pdiscDabul\lpc_chip_175x_6x\Debug\liblpc_chip_175x_6x.a(iocon_17xx_40xx.o)
 .debug_macro   0x00000000       0x42 D:\miescritorio\aplicaciones y juegos\pdisc\pdiscDabul\lpc_chip_175x_6x\Debug\liblpc_chip_175x_6x.a(iocon_17xx_40xx.o)
 .debug_macro   0x00000000       0x52 D:\miescritorio\aplicaciones y juegos\pdisc\pdiscDabul\lpc_chip_175x_6x\Debug\liblpc_chip_175x_6x.a(iocon_17xx_40xx.o)
 .debug_macro   0x00000000       0x78 D:\miescritorio\aplicaciones y juegos\pdisc\pdiscDabul\lpc_chip_175x_6x\Debug\liblpc_chip_175x_6x.a(iocon_17xx_40xx.o)
 .debug_macro   0x00000000       0x82 D:\miescritorio\aplicaciones y juegos\pdisc\pdiscDabul\lpc_chip_175x_6x\Debug\liblpc_chip_175x_6x.a(iocon_17xx_40xx.o)
 .debug_macro   0x00000000      0x48c D:\miescritorio\aplicaciones y juegos\pdisc\pdiscDabul\lpc_chip_175x_6x\Debug\liblpc_chip_175x_6x.a(iocon_17xx_40xx.o)
 .debug_macro   0x00000000       0x34 D:\miescritorio\aplicaciones y juegos\pdisc\pdiscDabul\lpc_chip_175x_6x\Debug\liblpc_chip_175x_6x.a(iocon_17xx_40xx.o)
 .debug_macro   0x00000000      0x4c5 D:\miescritorio\aplicaciones y juegos\pdisc\pdiscDabul\lpc_chip_175x_6x\Debug\liblpc_chip_175x_6x.a(iocon_17xx_40xx.o)
 .debug_macro   0x00000000      0x1b7 D:\miescritorio\aplicaciones y juegos\pdisc\pdiscDabul\lpc_chip_175x_6x\Debug\liblpc_chip_175x_6x.a(iocon_17xx_40xx.o)
 .debug_macro   0x00000000       0x10 D:\miescritorio\aplicaciones y juegos\pdisc\pdiscDabul\lpc_chip_175x_6x\Debug\liblpc_chip_175x_6x.a(iocon_17xx_40xx.o)
 .debug_macro   0x00000000      0x21b D:\miescritorio\aplicaciones y juegos\pdisc\pdiscDabul\lpc_chip_175x_6x\Debug\liblpc_chip_175x_6x.a(iocon_17xx_40xx.o)
 .debug_macro   0x00000000      0x1b9 D:\miescritorio\aplicaciones y juegos\pdisc\pdiscDabul\lpc_chip_175x_6x\Debug\liblpc_chip_175x_6x.a(iocon_17xx_40xx.o)
 .debug_macro   0x00000000       0x40 D:\miescritorio\aplicaciones y juegos\pdisc\pdiscDabul\lpc_chip_175x_6x\Debug\liblpc_chip_175x_6x.a(iocon_17xx_40xx.o)
 .debug_macro   0x00000000       0x22 D:\miescritorio\aplicaciones y juegos\pdisc\pdiscDabul\lpc_chip_175x_6x\Debug\liblpc_chip_175x_6x.a(iocon_17xx_40xx.o)
 .debug_macro   0x00000000      0x162 D:\miescritorio\aplicaciones y juegos\pdisc\pdiscDabul\lpc_chip_175x_6x\Debug\liblpc_chip_175x_6x.a(iocon_17xx_40xx.o)
 .debug_macro   0x00000000       0x94 D:\miescritorio\aplicaciones y juegos\pdisc\pdiscDabul\lpc_chip_175x_6x\Debug\liblpc_chip_175x_6x.a(iocon_17xx_40xx.o)
 .debug_macro   0x00000000       0xb8 D:\miescritorio\aplicaciones y juegos\pdisc\pdiscDabul\lpc_chip_175x_6x\Debug\liblpc_chip_175x_6x.a(iocon_17xx_40xx.o)
 .debug_macro   0x00000000       0x4c D:\miescritorio\aplicaciones y juegos\pdisc\pdiscDabul\lpc_chip_175x_6x\Debug\liblpc_chip_175x_6x.a(iocon_17xx_40xx.o)
 .debug_macro   0x00000000       0x16 D:\miescritorio\aplicaciones y juegos\pdisc\pdiscDabul\lpc_chip_175x_6x\Debug\liblpc_chip_175x_6x.a(iocon_17xx_40xx.o)
 .debug_macro   0x00000000      0x328 D:\miescritorio\aplicaciones y juegos\pdisc\pdiscDabul\lpc_chip_175x_6x\Debug\liblpc_chip_175x_6x.a(iocon_17xx_40xx.o)
 .debug_macro   0x00000000       0x49 D:\miescritorio\aplicaciones y juegos\pdisc\pdiscDabul\lpc_chip_175x_6x\Debug\liblpc_chip_175x_6x.a(iocon_17xx_40xx.o)
 .debug_macro   0x00000000       0x16 D:\miescritorio\aplicaciones y juegos\pdisc\pdiscDabul\lpc_chip_175x_6x\Debug\liblpc_chip_175x_6x.a(iocon_17xx_40xx.o)
 .debug_macro   0x00000000       0xca D:\miescritorio\aplicaciones y juegos\pdisc\pdiscDabul\lpc_chip_175x_6x\Debug\liblpc_chip_175x_6x.a(iocon_17xx_40xx.o)
 .debug_macro   0x00000000       0x18 D:\miescritorio\aplicaciones y juegos\pdisc\pdiscDabul\lpc_chip_175x_6x\Debug\liblpc_chip_175x_6x.a(iocon_17xx_40xx.o)
 .group         0x00000000        0x8 D:\miescritorio\aplicaciones y juegos\pdisc\pdiscDabul\lpc_chip_175x_6x\Debug\liblpc_chip_175x_6x.a(sysinit_17xx_40xx.o)
 .group         0x00000000        0x8 D:\miescritorio\aplicaciones y juegos\pdisc\pdiscDabul\lpc_chip_175x_6x\Debug\liblpc_chip_175x_6x.a(sysinit_17xx_40xx.o)
 .group         0x00000000        0x8 D:\miescritorio\aplicaciones y juegos\pdisc\pdiscDabul\lpc_chip_175x_6x\Debug\liblpc_chip_175x_6x.a(sysinit_17xx_40xx.o)
 .group         0x00000000        0x8 D:\miescritorio\aplicaciones y juegos\pdisc\pdiscDabul\lpc_chip_175x_6x\Debug\liblpc_chip_175x_6x.a(sysinit_17xx_40xx.o)
 .group         0x00000000        0x8 D:\miescritorio\aplicaciones y juegos\pdisc\pdiscDabul\lpc_chip_175x_6x\Debug\liblpc_chip_175x_6x.a(sysinit_17xx_40xx.o)
 .group         0x00000000        0x8 D:\miescritorio\aplicaciones y juegos\pdisc\pdiscDabul\lpc_chip_175x_6x\Debug\liblpc_chip_175x_6x.a(sysinit_17xx_40xx.o)
 .group         0x00000000        0x8 D:\miescritorio\aplicaciones y juegos\pdisc\pdiscDabul\lpc_chip_175x_6x\Debug\liblpc_chip_175x_6x.a(sysinit_17xx_40xx.o)
 .group         0x00000000        0x8 D:\miescritorio\aplicaciones y juegos\pdisc\pdiscDabul\lpc_chip_175x_6x\Debug\liblpc_chip_175x_6x.a(sysinit_17xx_40xx.o)
 .group         0x00000000        0x8 D:\miescritorio\aplicaciones y juegos\pdisc\pdiscDabul\lpc_chip_175x_6x\Debug\liblpc_chip_175x_6x.a(sysinit_17xx_40xx.o)
 .group         0x00000000        0x8 D:\miescritorio\aplicaciones y juegos\pdisc\pdiscDabul\lpc_chip_175x_6x\Debug\liblpc_chip_175x_6x.a(sysinit_17xx_40xx.o)
 .group         0x00000000        0x8 D:\miescritorio\aplicaciones y juegos\pdisc\pdiscDabul\lpc_chip_175x_6x\Debug\liblpc_chip_175x_6x.a(sysinit_17xx_40xx.o)
 .group         0x00000000        0x8 D:\miescritorio\aplicaciones y juegos\pdisc\pdiscDabul\lpc_chip_175x_6x\Debug\liblpc_chip_175x_6x.a(sysinit_17xx_40xx.o)
 .group         0x00000000        0x8 D:\miescritorio\aplicaciones y juegos\pdisc\pdiscDabul\lpc_chip_175x_6x\Debug\liblpc_chip_175x_6x.a(sysinit_17xx_40xx.o)
 .group         0x00000000        0x8 D:\miescritorio\aplicaciones y juegos\pdisc\pdiscDabul\lpc_chip_175x_6x\Debug\liblpc_chip_175x_6x.a(sysinit_17xx_40xx.o)
 .group         0x00000000        0x8 D:\miescritorio\aplicaciones y juegos\pdisc\pdiscDabul\lpc_chip_175x_6x\Debug\liblpc_chip_175x_6x.a(sysinit_17xx_40xx.o)
 .group         0x00000000        0x8 D:\miescritorio\aplicaciones y juegos\pdisc\pdiscDabul\lpc_chip_175x_6x\Debug\liblpc_chip_175x_6x.a(sysinit_17xx_40xx.o)
 .group         0x00000000        0x8 D:\miescritorio\aplicaciones y juegos\pdisc\pdiscDabul\lpc_chip_175x_6x\Debug\liblpc_chip_175x_6x.a(sysinit_17xx_40xx.o)
 .group         0x00000000        0x8 D:\miescritorio\aplicaciones y juegos\pdisc\pdiscDabul\lpc_chip_175x_6x\Debug\liblpc_chip_175x_6x.a(sysinit_17xx_40xx.o)
 .group         0x00000000        0x8 D:\miescritorio\aplicaciones y juegos\pdisc\pdiscDabul\lpc_chip_175x_6x\Debug\liblpc_chip_175x_6x.a(sysinit_17xx_40xx.o)
 .group         0x00000000        0x8 D:\miescritorio\aplicaciones y juegos\pdisc\pdiscDabul\lpc_chip_175x_6x\Debug\liblpc_chip_175x_6x.a(sysinit_17xx_40xx.o)
 .group         0x00000000        0x8 D:\miescritorio\aplicaciones y juegos\pdisc\pdiscDabul\lpc_chip_175x_6x\Debug\liblpc_chip_175x_6x.a(sysinit_17xx_40xx.o)
 .group         0x00000000        0x8 D:\miescritorio\aplicaciones y juegos\pdisc\pdiscDabul\lpc_chip_175x_6x\Debug\liblpc_chip_175x_6x.a(sysinit_17xx_40xx.o)
 .group         0x00000000        0x8 D:\miescritorio\aplicaciones y juegos\pdisc\pdiscDabul\lpc_chip_175x_6x\Debug\liblpc_chip_175x_6x.a(sysinit_17xx_40xx.o)
 .group         0x00000000        0x8 D:\miescritorio\aplicaciones y juegos\pdisc\pdiscDabul\lpc_chip_175x_6x\Debug\liblpc_chip_175x_6x.a(sysinit_17xx_40xx.o)
 .group         0x00000000        0x8 D:\miescritorio\aplicaciones y juegos\pdisc\pdiscDabul\lpc_chip_175x_6x\Debug\liblpc_chip_175x_6x.a(sysinit_17xx_40xx.o)
 .group         0x00000000        0x8 D:\miescritorio\aplicaciones y juegos\pdisc\pdiscDabul\lpc_chip_175x_6x\Debug\liblpc_chip_175x_6x.a(sysinit_17xx_40xx.o)
 .group         0x00000000        0x8 D:\miescritorio\aplicaciones y juegos\pdisc\pdiscDabul\lpc_chip_175x_6x\Debug\liblpc_chip_175x_6x.a(sysinit_17xx_40xx.o)
 .group         0x00000000        0x8 D:\miescritorio\aplicaciones y juegos\pdisc\pdiscDabul\lpc_chip_175x_6x\Debug\liblpc_chip_175x_6x.a(sysinit_17xx_40xx.o)
 .group         0x00000000        0x8 D:\miescritorio\aplicaciones y juegos\pdisc\pdiscDabul\lpc_chip_175x_6x\Debug\liblpc_chip_175x_6x.a(sysinit_17xx_40xx.o)
 .group         0x00000000        0x8 D:\miescritorio\aplicaciones y juegos\pdisc\pdiscDabul\lpc_chip_175x_6x\Debug\liblpc_chip_175x_6x.a(sysinit_17xx_40xx.o)
 .group         0x00000000        0x8 D:\miescritorio\aplicaciones y juegos\pdisc\pdiscDabul\lpc_chip_175x_6x\Debug\liblpc_chip_175x_6x.a(sysinit_17xx_40xx.o)
 .group         0x00000000        0x8 D:\miescritorio\aplicaciones y juegos\pdisc\pdiscDabul\lpc_chip_175x_6x\Debug\liblpc_chip_175x_6x.a(sysinit_17xx_40xx.o)
 .group         0x00000000        0x8 D:\miescritorio\aplicaciones y juegos\pdisc\pdiscDabul\lpc_chip_175x_6x\Debug\liblpc_chip_175x_6x.a(sysinit_17xx_40xx.o)
 .group         0x00000000        0x8 D:\miescritorio\aplicaciones y juegos\pdisc\pdiscDabul\lpc_chip_175x_6x\Debug\liblpc_chip_175x_6x.a(sysinit_17xx_40xx.o)
 .group         0x00000000        0x8 D:\miescritorio\aplicaciones y juegos\pdisc\pdiscDabul\lpc_chip_175x_6x\Debug\liblpc_chip_175x_6x.a(sysinit_17xx_40xx.o)
 .text          0x00000000        0x0 D:\miescritorio\aplicaciones y juegos\pdisc\pdiscDabul\lpc_chip_175x_6x\Debug\liblpc_chip_175x_6x.a(sysinit_17xx_40xx.o)
 .data          0x00000000        0x0 D:\miescritorio\aplicaciones y juegos\pdisc\pdiscDabul\lpc_chip_175x_6x\Debug\liblpc_chip_175x_6x.a(sysinit_17xx_40xx.o)
 .bss           0x00000000        0x0 D:\miescritorio\aplicaciones y juegos\pdisc\pdiscDabul\lpc_chip_175x_6x\Debug\liblpc_chip_175x_6x.a(sysinit_17xx_40xx.o)
 .text.Chip_Clock_EnableCrystal
                0x00000000       0x20 D:\miescritorio\aplicaciones y juegos\pdisc\pdiscDabul\lpc_chip_175x_6x\Debug\liblpc_chip_175x_6x.a(sysinit_17xx_40xx.o)
 .text.Chip_Clock_IsCrystalEnabled
                0x00000000       0x24 D:\miescritorio\aplicaciones y juegos\pdisc\pdiscDabul\lpc_chip_175x_6x\Debug\liblpc_chip_175x_6x.a(sysinit_17xx_40xx.o)
 .text.Chip_SetupXtalClocking
                0x00000000       0x90 D:\miescritorio\aplicaciones y juegos\pdisc\pdiscDabul\lpc_chip_175x_6x\Debug\liblpc_chip_175x_6x.a(sysinit_17xx_40xx.o)
 .debug_macro   0x00000000      0x886 D:\miescritorio\aplicaciones y juegos\pdisc\pdiscDabul\lpc_chip_175x_6x\Debug\liblpc_chip_175x_6x.a(sysinit_17xx_40xx.o)
 .debug_macro   0x00000000       0x10 D:\miescritorio\aplicaciones y juegos\pdisc\pdiscDabul\lpc_chip_175x_6x\Debug\liblpc_chip_175x_6x.a(sysinit_17xx_40xx.o)
 .debug_macro   0x00000000      0x12d D:\miescritorio\aplicaciones y juegos\pdisc\pdiscDabul\lpc_chip_175x_6x\Debug\liblpc_chip_175x_6x.a(sysinit_17xx_40xx.o)
 .debug_macro   0x00000000      0x5b2 D:\miescritorio\aplicaciones y juegos\pdisc\pdiscDabul\lpc_chip_175x_6x\Debug\liblpc_chip_175x_6x.a(sysinit_17xx_40xx.o)
 .debug_macro   0x00000000       0x22 D:\miescritorio\aplicaciones y juegos\pdisc\pdiscDabul\lpc_chip_175x_6x\Debug\liblpc_chip_175x_6x.a(sysinit_17xx_40xx.o)
 .debug_macro   0x00000000       0x7b D:\miescritorio\aplicaciones y juegos\pdisc\pdiscDabul\lpc_chip_175x_6x\Debug\liblpc_chip_175x_6x.a(sysinit_17xx_40xx.o)
 .debug_macro   0x00000000       0x10 D:\miescritorio\aplicaciones y juegos\pdisc\pdiscDabul\lpc_chip_175x_6x\Debug\liblpc_chip_175x_6x.a(sysinit_17xx_40xx.o)
 .debug_macro   0x00000000       0x2d D:\miescritorio\aplicaciones y juegos\pdisc\pdiscDabul\lpc_chip_175x_6x\Debug\liblpc_chip_175x_6x.a(sysinit_17xx_40xx.o)
 .debug_macro   0x00000000       0x3a D:\miescritorio\aplicaciones y juegos\pdisc\pdiscDabul\lpc_chip_175x_6x\Debug\liblpc_chip_175x_6x.a(sysinit_17xx_40xx.o)
 .debug_macro   0x00000000       0x2d D:\miescritorio\aplicaciones y juegos\pdisc\pdiscDabul\lpc_chip_175x_6x\Debug\liblpc_chip_175x_6x.a(sysinit_17xx_40xx.o)
 .debug_macro   0x00000000      0xbb1 D:\miescritorio\aplicaciones y juegos\pdisc\pdiscDabul\lpc_chip_175x_6x\Debug\liblpc_chip_175x_6x.a(sysinit_17xx_40xx.o)
 .debug_macro   0x00000000      0x22c D:\miescritorio\aplicaciones y juegos\pdisc\pdiscDabul\lpc_chip_175x_6x\Debug\liblpc_chip_175x_6x.a(sysinit_17xx_40xx.o)
 .debug_macro   0x00000000       0x42 D:\miescritorio\aplicaciones y juegos\pdisc\pdiscDabul\lpc_chip_175x_6x\Debug\liblpc_chip_175x_6x.a(sysinit_17xx_40xx.o)
 .debug_macro   0x00000000       0x52 D:\miescritorio\aplicaciones y juegos\pdisc\pdiscDabul\lpc_chip_175x_6x\Debug\liblpc_chip_175x_6x.a(sysinit_17xx_40xx.o)
 .debug_macro   0x00000000       0x78 D:\miescritorio\aplicaciones y juegos\pdisc\pdiscDabul\lpc_chip_175x_6x\Debug\liblpc_chip_175x_6x.a(sysinit_17xx_40xx.o)
 .debug_macro   0x00000000       0x82 D:\miescritorio\aplicaciones y juegos\pdisc\pdiscDabul\lpc_chip_175x_6x\Debug\liblpc_chip_175x_6x.a(sysinit_17xx_40xx.o)
 .debug_macro   0x00000000      0x48c D:\miescritorio\aplicaciones y juegos\pdisc\pdiscDabul\lpc_chip_175x_6x\Debug\liblpc_chip_175x_6x.a(sysinit_17xx_40xx.o)
 .debug_macro   0x00000000       0x34 D:\miescritorio\aplicaciones y juegos\pdisc\pdiscDabul\lpc_chip_175x_6x\Debug\liblpc_chip_175x_6x.a(sysinit_17xx_40xx.o)
 .debug_macro   0x00000000      0x4c5 D:\miescritorio\aplicaciones y juegos\pdisc\pdiscDabul\lpc_chip_175x_6x\Debug\liblpc_chip_175x_6x.a(sysinit_17xx_40xx.o)
 .debug_macro   0x00000000      0x1b7 D:\miescritorio\aplicaciones y juegos\pdisc\pdiscDabul\lpc_chip_175x_6x\Debug\liblpc_chip_175x_6x.a(sysinit_17xx_40xx.o)
 .debug_macro   0x00000000       0x10 D:\miescritorio\aplicaciones y juegos\pdisc\pdiscDabul\lpc_chip_175x_6x\Debug\liblpc_chip_175x_6x.a(sysinit_17xx_40xx.o)
 .debug_macro   0x00000000      0x21b D:\miescritorio\aplicaciones y juegos\pdisc\pdiscDabul\lpc_chip_175x_6x\Debug\liblpc_chip_175x_6x.a(sysinit_17xx_40xx.o)
 .debug_macro   0x00000000      0x1b9 D:\miescritorio\aplicaciones y juegos\pdisc\pdiscDabul\lpc_chip_175x_6x\Debug\liblpc_chip_175x_6x.a(sysinit_17xx_40xx.o)
 .debug_macro   0x00000000       0x40 D:\miescritorio\aplicaciones y juegos\pdisc\pdiscDabul\lpc_chip_175x_6x\Debug\liblpc_chip_175x_6x.a(sysinit_17xx_40xx.o)
 .debug_macro   0x00000000       0x22 D:\miescritorio\aplicaciones y juegos\pdisc\pdiscDabul\lpc_chip_175x_6x\Debug\liblpc_chip_175x_6x.a(sysinit_17xx_40xx.o)
 .debug_macro   0x00000000      0x162 D:\miescritorio\aplicaciones y juegos\pdisc\pdiscDabul\lpc_chip_175x_6x\Debug\liblpc_chip_175x_6x.a(sysinit_17xx_40xx.o)
 .debug_macro   0x00000000       0x94 D:\miescritorio\aplicaciones y juegos\pdisc\pdiscDabul\lpc_chip_175x_6x\Debug\liblpc_chip_175x_6x.a(sysinit_17xx_40xx.o)
 .debug_macro   0x00000000       0xb8 D:\miescritorio\aplicaciones y juegos\pdisc\pdiscDabul\lpc_chip_175x_6x\Debug\liblpc_chip_175x_6x.a(sysinit_17xx_40xx.o)
 .debug_macro   0x00000000       0x4c D:\miescritorio\aplicaciones y juegos\pdisc\pdiscDabul\lpc_chip_175x_6x\Debug\liblpc_chip_175x_6x.a(sysinit_17xx_40xx.o)
 .debug_macro   0x00000000       0x16 D:\miescritorio\aplicaciones y juegos\pdisc\pdiscDabul\lpc_chip_175x_6x\Debug\liblpc_chip_175x_6x.a(sysinit_17xx_40xx.o)
 .debug_macro   0x00000000      0x328 D:\miescritorio\aplicaciones y juegos\pdisc\pdiscDabul\lpc_chip_175x_6x\Debug\liblpc_chip_175x_6x.a(sysinit_17xx_40xx.o)
 .debug_macro   0x00000000       0x49 D:\miescritorio\aplicaciones y juegos\pdisc\pdiscDabul\lpc_chip_175x_6x\Debug\liblpc_chip_175x_6x.a(sysinit_17xx_40xx.o)
 .debug_macro   0x00000000       0x16 D:\miescritorio\aplicaciones y juegos\pdisc\pdiscDabul\lpc_chip_175x_6x\Debug\liblpc_chip_175x_6x.a(sysinit_17xx_40xx.o)
 .debug_macro   0x00000000       0xca D:\miescritorio\aplicaciones y juegos\pdisc\pdiscDabul\lpc_chip_175x_6x\Debug\liblpc_chip_175x_6x.a(sysinit_17xx_40xx.o)
 .debug_macro   0x00000000       0x18 D:\miescritorio\aplicaciones y juegos\pdisc\pdiscDabul\lpc_chip_175x_6x\Debug\liblpc_chip_175x_6x.a(sysinit_17xx_40xx.o)
 .group         0x00000000        0x8 D:\miescritorio\aplicaciones y juegos\pdisc\pdiscDabul\lpc_chip_175x_6x\Debug\liblpc_chip_175x_6x.a(clock_17xx_40xx.o)
 .group         0x00000000        0x8 D:\miescritorio\aplicaciones y juegos\pdisc\pdiscDabul\lpc_chip_175x_6x\Debug\liblpc_chip_175x_6x.a(clock_17xx_40xx.o)
 .group         0x00000000        0x8 D:\miescritorio\aplicaciones y juegos\pdisc\pdiscDabul\lpc_chip_175x_6x\Debug\liblpc_chip_175x_6x.a(clock_17xx_40xx.o)
 .group         0x00000000        0x8 D:\miescritorio\aplicaciones y juegos\pdisc\pdiscDabul\lpc_chip_175x_6x\Debug\liblpc_chip_175x_6x.a(clock_17xx_40xx.o)
 .group         0x00000000        0x8 D:\miescritorio\aplicaciones y juegos\pdisc\pdiscDabul\lpc_chip_175x_6x\Debug\liblpc_chip_175x_6x.a(clock_17xx_40xx.o)
 .group         0x00000000        0x8 D:\miescritorio\aplicaciones y juegos\pdisc\pdiscDabul\lpc_chip_175x_6x\Debug\liblpc_chip_175x_6x.a(clock_17xx_40xx.o)
 .group         0x00000000        0x8 D:\miescritorio\aplicaciones y juegos\pdisc\pdiscDabul\lpc_chip_175x_6x\Debug\liblpc_chip_175x_6x.a(clock_17xx_40xx.o)
 .group         0x00000000        0x8 D:\miescritorio\aplicaciones y juegos\pdisc\pdiscDabul\lpc_chip_175x_6x\Debug\liblpc_chip_175x_6x.a(clock_17xx_40xx.o)
 .group         0x00000000        0x8 D:\miescritorio\aplicaciones y juegos\pdisc\pdiscDabul\lpc_chip_175x_6x\Debug\liblpc_chip_175x_6x.a(clock_17xx_40xx.o)
 .group         0x00000000        0x8 D:\miescritorio\aplicaciones y juegos\pdisc\pdiscDabul\lpc_chip_175x_6x\Debug\liblpc_chip_175x_6x.a(clock_17xx_40xx.o)
 .group         0x00000000        0x8 D:\miescritorio\aplicaciones y juegos\pdisc\pdiscDabul\lpc_chip_175x_6x\Debug\liblpc_chip_175x_6x.a(clock_17xx_40xx.o)
 .group         0x00000000        0x8 D:\miescritorio\aplicaciones y juegos\pdisc\pdiscDabul\lpc_chip_175x_6x\Debug\liblpc_chip_175x_6x.a(clock_17xx_40xx.o)
 .group         0x00000000        0x8 D:\miescritorio\aplicaciones y juegos\pdisc\pdiscDabul\lpc_chip_175x_6x\Debug\liblpc_chip_175x_6x.a(clock_17xx_40xx.o)
 .group         0x00000000        0x8 D:\miescritorio\aplicaciones y juegos\pdisc\pdiscDabul\lpc_chip_175x_6x\Debug\liblpc_chip_175x_6x.a(clock_17xx_40xx.o)
 .group         0x00000000        0x8 D:\miescritorio\aplicaciones y juegos\pdisc\pdiscDabul\lpc_chip_175x_6x\Debug\liblpc_chip_175x_6x.a(clock_17xx_40xx.o)
 .group         0x00000000        0x8 D:\miescritorio\aplicaciones y juegos\pdisc\pdiscDabul\lpc_chip_175x_6x\Debug\liblpc_chip_175x_6x.a(clock_17xx_40xx.o)
 .group         0x00000000        0x8 D:\miescritorio\aplicaciones y juegos\pdisc\pdiscDabul\lpc_chip_175x_6x\Debug\liblpc_chip_175x_6x.a(clock_17xx_40xx.o)
 .group         0x00000000        0x8 D:\miescritorio\aplicaciones y juegos\pdisc\pdiscDabul\lpc_chip_175x_6x\Debug\liblpc_chip_175x_6x.a(clock_17xx_40xx.o)
 .group         0x00000000        0x8 D:\miescritorio\aplicaciones y juegos\pdisc\pdiscDabul\lpc_chip_175x_6x\Debug\liblpc_chip_175x_6x.a(clock_17xx_40xx.o)
 .group         0x00000000        0x8 D:\miescritorio\aplicaciones y juegos\pdisc\pdiscDabul\lpc_chip_175x_6x\Debug\liblpc_chip_175x_6x.a(clock_17xx_40xx.o)
 .group         0x00000000        0x8 D:\miescritorio\aplicaciones y juegos\pdisc\pdiscDabul\lpc_chip_175x_6x\Debug\liblpc_chip_175x_6x.a(clock_17xx_40xx.o)
 .group         0x00000000        0x8 D:\miescritorio\aplicaciones y juegos\pdisc\pdiscDabul\lpc_chip_175x_6x\Debug\liblpc_chip_175x_6x.a(clock_17xx_40xx.o)
 .group         0x00000000        0x8 D:\miescritorio\aplicaciones y juegos\pdisc\pdiscDabul\lpc_chip_175x_6x\Debug\liblpc_chip_175x_6x.a(clock_17xx_40xx.o)
 .group         0x00000000        0x8 D:\miescritorio\aplicaciones y juegos\pdisc\pdiscDabul\lpc_chip_175x_6x\Debug\liblpc_chip_175x_6x.a(clock_17xx_40xx.o)
 .group         0x00000000        0x8 D:\miescritorio\aplicaciones y juegos\pdisc\pdiscDabul\lpc_chip_175x_6x\Debug\liblpc_chip_175x_6x.a(clock_17xx_40xx.o)
 .group         0x00000000        0x8 D:\miescritorio\aplicaciones y juegos\pdisc\pdiscDabul\lpc_chip_175x_6x\Debug\liblpc_chip_175x_6x.a(clock_17xx_40xx.o)
 .group         0x00000000        0x8 D:\miescritorio\aplicaciones y juegos\pdisc\pdiscDabul\lpc_chip_175x_6x\Debug\liblpc_chip_175x_6x.a(clock_17xx_40xx.o)
 .group         0x00000000        0x8 D:\miescritorio\aplicaciones y juegos\pdisc\pdiscDabul\lpc_chip_175x_6x\Debug\liblpc_chip_175x_6x.a(clock_17xx_40xx.o)
 .group         0x00000000        0x8 D:\miescritorio\aplicaciones y juegos\pdisc\pdiscDabul\lpc_chip_175x_6x\Debug\liblpc_chip_175x_6x.a(clock_17xx_40xx.o)
 .group         0x00000000        0x8 D:\miescritorio\aplicaciones y juegos\pdisc\pdiscDabul\lpc_chip_175x_6x\Debug\liblpc_chip_175x_6x.a(clock_17xx_40xx.o)
 .group         0x00000000        0x8 D:\miescritorio\aplicaciones y juegos\pdisc\pdiscDabul\lpc_chip_175x_6x\Debug\liblpc_chip_175x_6x.a(clock_17xx_40xx.o)
 .group         0x00000000        0x8 D:\miescritorio\aplicaciones y juegos\pdisc\pdiscDabul\lpc_chip_175x_6x\Debug\liblpc_chip_175x_6x.a(clock_17xx_40xx.o)
 .group         0x00000000        0x8 D:\miescritorio\aplicaciones y juegos\pdisc\pdiscDabul\lpc_chip_175x_6x\Debug\liblpc_chip_175x_6x.a(clock_17xx_40xx.o)
 .group         0x00000000        0x8 D:\miescritorio\aplicaciones y juegos\pdisc\pdiscDabul\lpc_chip_175x_6x\Debug\liblpc_chip_175x_6x.a(clock_17xx_40xx.o)
 .group         0x00000000        0x8 D:\miescritorio\aplicaciones y juegos\pdisc\pdiscDabul\lpc_chip_175x_6x\Debug\liblpc_chip_175x_6x.a(clock_17xx_40xx.o)
 .text          0x00000000        0x0 D:\miescritorio\aplicaciones y juegos\pdisc\pdiscDabul\lpc_chip_175x_6x\Debug\liblpc_chip_175x_6x.a(clock_17xx_40xx.o)
 .data          0x00000000        0x0 D:\miescritorio\aplicaciones y juegos\pdisc\pdiscDabul\lpc_chip_175x_6x\Debug\liblpc_chip_175x_6x.a(clock_17xx_40xx.o)
 .bss           0x00000000        0x0 D:\miescritorio\aplicaciones y juegos\pdisc\pdiscDabul\lpc_chip_175x_6x\Debug\liblpc_chip_175x_6x.a(clock_17xx_40xx.o)
 .text.Chip_Clock_IsMainPLLEnabled
                0x00000000       0x24 D:\miescritorio\aplicaciones y juegos\pdisc\pdiscDabul\lpc_chip_175x_6x\Debug\liblpc_chip_175x_6x.a(clock_17xx_40xx.o)
 .text.Chip_Clock_IsUSBPLLEnabled
                0x00000000       0x24 D:\miescritorio\aplicaciones y juegos\pdisc\pdiscDabul\lpc_chip_175x_6x\Debug\liblpc_chip_175x_6x.a(clock_17xx_40xx.o)
 .text.Chip_Clock_IsMainPLLConnected
                0x00000000       0x24 D:\miescritorio\aplicaciones y juegos\pdisc\pdiscDabul\lpc_chip_175x_6x\Debug\liblpc_chip_175x_6x.a(clock_17xx_40xx.o)
 .text.Chip_Clock_IsUSBPLLConnected
                0x00000000       0x24 D:\miescritorio\aplicaciones y juegos\pdisc\pdiscDabul\lpc_chip_175x_6x\Debug\liblpc_chip_175x_6x.a(clock_17xx_40xx.o)
 .text.Chip_Clock_GetMainPLLSource
                0x00000000       0x20 D:\miescritorio\aplicaciones y juegos\pdisc\pdiscDabul\lpc_chip_175x_6x\Debug\liblpc_chip_175x_6x.a(clock_17xx_40xx.o)
 .text.Chip_Clock_GetMainOscRate
                0x00000000       0x14 D:\miescritorio\aplicaciones y juegos\pdisc\pdiscDabul\lpc_chip_175x_6x\Debug\liblpc_chip_175x_6x.a(clock_17xx_40xx.o)
 .text.Chip_Clock_GetIntOscRate
                0x00000000       0x14 D:\miescritorio\aplicaciones y juegos\pdisc\pdiscDabul\lpc_chip_175x_6x\Debug\liblpc_chip_175x_6x.a(clock_17xx_40xx.o)
 .text.Chip_Clock_GetRTCOscRate
                0x00000000       0x14 D:\miescritorio\aplicaciones y juegos\pdisc\pdiscDabul\lpc_chip_175x_6x\Debug\liblpc_chip_175x_6x.a(clock_17xx_40xx.o)
 .text.Chip_Clock_GetMainPLLInClockRate
                0x00000000       0x10 D:\miescritorio\aplicaciones y juegos\pdisc\pdiscDabul\lpc_chip_175x_6x\Debug\liblpc_chip_175x_6x.a(clock_17xx_40xx.o)
 .text.Chip_Clock_GetUSBPLLInClockRate
                0x00000000       0x10 D:\miescritorio\aplicaciones y juegos\pdisc\pdiscDabul\lpc_chip_175x_6x\Debug\liblpc_chip_175x_6x.a(clock_17xx_40xx.o)
 .text.Chip_Clock_EnablePeriphClock
                0x00000000       0x34 D:\miescritorio\aplicaciones y juegos\pdisc\pdiscDabul\lpc_chip_175x_6x\Debug\liblpc_chip_175x_6x.a(clock_17xx_40xx.o)
 .text.Chip_Clock_DisablePeriphClock
                0x00000000       0x34 D:\miescritorio\aplicaciones y juegos\pdisc\pdiscDabul\lpc_chip_175x_6x\Debug\liblpc_chip_175x_6x.a(clock_17xx_40xx.o)
 .text.Chip_Clock_IsPeripheralClockEnabled
                0x00000000       0x3c D:\miescritorio\aplicaciones y juegos\pdisc\pdiscDabul\lpc_chip_175x_6x\Debug\liblpc_chip_175x_6x.a(clock_17xx_40xx.o)
 .text.Chip_Clock_SetCPUClockSource
                0x00000000       0x2c D:\miescritorio\aplicaciones y juegos\pdisc\pdiscDabul\lpc_chip_175x_6x\Debug\liblpc_chip_175x_6x.a(clock_17xx_40xx.o)
 .text.Chip_Clock_GetCPUClockSource
                0x00000000       0x24 D:\miescritorio\aplicaciones y juegos\pdisc\pdiscDabul\lpc_chip_175x_6x\Debug\liblpc_chip_175x_6x.a(clock_17xx_40xx.o)
 .text.Chip_Clock_GetCPUClockDiv
                0x00000000       0x1c D:\miescritorio\aplicaciones y juegos\pdisc\pdiscDabul\lpc_chip_175x_6x\Debug\liblpc_chip_175x_6x.a(clock_17xx_40xx.o)
 .text.Chip_Clock_SetUSBClockDiv
                0x00000000       0x30 D:\miescritorio\aplicaciones y juegos\pdisc\pdiscDabul\lpc_chip_175x_6x\Debug\liblpc_chip_175x_6x.a(clock_17xx_40xx.o)
 .text.Chip_Clock_GetUSBClockDiv
                0x00000000       0x1c D:\miescritorio\aplicaciones y juegos\pdisc\pdiscDabul\lpc_chip_175x_6x\Debug\liblpc_chip_175x_6x.a(clock_17xx_40xx.o)
 .text.Chip_Clock_SetPCLKDiv
                0x00000000       0x64 D:\miescritorio\aplicaciones y juegos\pdisc\pdiscDabul\lpc_chip_175x_6x\Debug\liblpc_chip_175x_6x.a(clock_17xx_40xx.o)
 .text.Chip_Clock_GetPCLKDiv
                0x00000000       0x8c D:\miescritorio\aplicaciones y juegos\pdisc\pdiscDabul\lpc_chip_175x_6x\Debug\liblpc_chip_175x_6x.a(clock_17xx_40xx.o)
 .text.Chip_Clock_SetCLKOUTSource
                0x00000000       0x44 D:\miescritorio\aplicaciones y juegos\pdisc\pdiscDabul\lpc_chip_175x_6x\Debug\liblpc_chip_175x_6x.a(clock_17xx_40xx.o)
 .text.Chip_Clock_GetSYSCLKRate
                0x00000000       0x34 D:\miescritorio\aplicaciones y juegos\pdisc\pdiscDabul\lpc_chip_175x_6x\Debug\liblpc_chip_175x_6x.a(clock_17xx_40xx.o)
 .text.Chip_Clock_GetMainPLLOutClockRate
                0x00000000       0x54 D:\miescritorio\aplicaciones y juegos\pdisc\pdiscDabul\lpc_chip_175x_6x\Debug\liblpc_chip_175x_6x.a(clock_17xx_40xx.o)
 .text.Chip_Clock_GetUSBPLLOutClockRate
                0x00000000       0x40 D:\miescritorio\aplicaciones y juegos\pdisc\pdiscDabul\lpc_chip_175x_6x\Debug\liblpc_chip_175x_6x.a(clock_17xx_40xx.o)
 .text.Chip_Clock_GetMainClockRate
                0x00000000       0x28 D:\miescritorio\aplicaciones y juegos\pdisc\pdiscDabul\lpc_chip_175x_6x\Debug\liblpc_chip_175x_6x.a(clock_17xx_40xx.o)
 .text.Chip_Clock_GetSystemClockRate
                0x00000000       0x18 D:\miescritorio\aplicaciones y juegos\pdisc\pdiscDabul\lpc_chip_175x_6x\Debug\liblpc_chip_175x_6x.a(clock_17xx_40xx.o)
 .text.Chip_Clock_GetUSBClockRate
                0x00000000       0x38 D:\miescritorio\aplicaciones y juegos\pdisc\pdiscDabul\lpc_chip_175x_6x\Debug\liblpc_chip_175x_6x.a(clock_17xx_40xx.o)
 .text.Chip_Clock_GetPeripheralClockRate
                0x00000000       0x28 D:\miescritorio\aplicaciones y juegos\pdisc\pdiscDabul\lpc_chip_175x_6x\Debug\liblpc_chip_175x_6x.a(clock_17xx_40xx.o)
 .debug_macro   0x00000000      0x886 D:\miescritorio\aplicaciones y juegos\pdisc\pdiscDabul\lpc_chip_175x_6x\Debug\liblpc_chip_175x_6x.a(clock_17xx_40xx.o)
 .debug_macro   0x00000000       0x10 D:\miescritorio\aplicaciones y juegos\pdisc\pdiscDabul\lpc_chip_175x_6x\Debug\liblpc_chip_175x_6x.a(clock_17xx_40xx.o)
 .debug_macro   0x00000000      0x12d D:\miescritorio\aplicaciones y juegos\pdisc\pdiscDabul\lpc_chip_175x_6x\Debug\liblpc_chip_175x_6x.a(clock_17xx_40xx.o)
 .debug_macro   0x00000000      0x5b2 D:\miescritorio\aplicaciones y juegos\pdisc\pdiscDabul\lpc_chip_175x_6x\Debug\liblpc_chip_175x_6x.a(clock_17xx_40xx.o)
 .debug_macro   0x00000000       0x22 D:\miescritorio\aplicaciones y juegos\pdisc\pdiscDabul\lpc_chip_175x_6x\Debug\liblpc_chip_175x_6x.a(clock_17xx_40xx.o)
 .debug_macro   0x00000000       0x7b D:\miescritorio\aplicaciones y juegos\pdisc\pdiscDabul\lpc_chip_175x_6x\Debug\liblpc_chip_175x_6x.a(clock_17xx_40xx.o)
 .debug_macro   0x00000000       0x10 D:\miescritorio\aplicaciones y juegos\pdisc\pdiscDabul\lpc_chip_175x_6x\Debug\liblpc_chip_175x_6x.a(clock_17xx_40xx.o)
 .debug_macro   0x00000000       0x2d D:\miescritorio\aplicaciones y juegos\pdisc\pdiscDabul\lpc_chip_175x_6x\Debug\liblpc_chip_175x_6x.a(clock_17xx_40xx.o)
 .debug_macro   0x00000000       0x3a D:\miescritorio\aplicaciones y juegos\pdisc\pdiscDabul\lpc_chip_175x_6x\Debug\liblpc_chip_175x_6x.a(clock_17xx_40xx.o)
 .debug_macro   0x00000000       0x2d D:\miescritorio\aplicaciones y juegos\pdisc\pdiscDabul\lpc_chip_175x_6x\Debug\liblpc_chip_175x_6x.a(clock_17xx_40xx.o)
 .debug_macro   0x00000000      0xbb1 D:\miescritorio\aplicaciones y juegos\pdisc\pdiscDabul\lpc_chip_175x_6x\Debug\liblpc_chip_175x_6x.a(clock_17xx_40xx.o)
 .debug_macro   0x00000000      0x22c D:\miescritorio\aplicaciones y juegos\pdisc\pdiscDabul\lpc_chip_175x_6x\Debug\liblpc_chip_175x_6x.a(clock_17xx_40xx.o)
 .debug_macro   0x00000000       0x42 D:\miescritorio\aplicaciones y juegos\pdisc\pdiscDabul\lpc_chip_175x_6x\Debug\liblpc_chip_175x_6x.a(clock_17xx_40xx.o)
 .debug_macro   0x00000000       0x52 D:\miescritorio\aplicaciones y juegos\pdisc\pdiscDabul\lpc_chip_175x_6x\Debug\liblpc_chip_175x_6x.a(clock_17xx_40xx.o)
 .debug_macro   0x00000000       0x78 D:\miescritorio\aplicaciones y juegos\pdisc\pdiscDabul\lpc_chip_175x_6x\Debug\liblpc_chip_175x_6x.a(clock_17xx_40xx.o)
 .debug_macro   0x00000000       0x82 D:\miescritorio\aplicaciones y juegos\pdisc\pdiscDabul\lpc_chip_175x_6x\Debug\liblpc_chip_175x_6x.a(clock_17xx_40xx.o)
 .debug_macro   0x00000000      0x48c D:\miescritorio\aplicaciones y juegos\pdisc\pdiscDabul\lpc_chip_175x_6x\Debug\liblpc_chip_175x_6x.a(clock_17xx_40xx.o)
 .debug_macro   0x00000000       0x34 D:\miescritorio\aplicaciones y juegos\pdisc\pdiscDabul\lpc_chip_175x_6x\Debug\liblpc_chip_175x_6x.a(clock_17xx_40xx.o)
 .debug_macro   0x00000000      0x4c5 D:\miescritorio\aplicaciones y juegos\pdisc\pdiscDabul\lpc_chip_175x_6x\Debug\liblpc_chip_175x_6x.a(clock_17xx_40xx.o)
 .debug_macro   0x00000000      0x1b7 D:\miescritorio\aplicaciones y juegos\pdisc\pdiscDabul\lpc_chip_175x_6x\Debug\liblpc_chip_175x_6x.a(clock_17xx_40xx.o)
 .debug_macro   0x00000000       0x10 D:\miescritorio\aplicaciones y juegos\pdisc\pdiscDabul\lpc_chip_175x_6x\Debug\liblpc_chip_175x_6x.a(clock_17xx_40xx.o)
 .debug_macro   0x00000000      0x21b D:\miescritorio\aplicaciones y juegos\pdisc\pdiscDabul\lpc_chip_175x_6x\Debug\liblpc_chip_175x_6x.a(clock_17xx_40xx.o)
 .debug_macro   0x00000000      0x1b9 D:\miescritorio\aplicaciones y juegos\pdisc\pdiscDabul\lpc_chip_175x_6x\Debug\liblpc_chip_175x_6x.a(clock_17xx_40xx.o)
 .debug_macro   0x00000000       0x40 D:\miescritorio\aplicaciones y juegos\pdisc\pdiscDabul\lpc_chip_175x_6x\Debug\liblpc_chip_175x_6x.a(clock_17xx_40xx.o)
 .debug_macro   0x00000000       0x22 D:\miescritorio\aplicaciones y juegos\pdisc\pdiscDabul\lpc_chip_175x_6x\Debug\liblpc_chip_175x_6x.a(clock_17xx_40xx.o)
 .debug_macro   0x00000000      0x162 D:\miescritorio\aplicaciones y juegos\pdisc\pdiscDabul\lpc_chip_175x_6x\Debug\liblpc_chip_175x_6x.a(clock_17xx_40xx.o)
 .debug_macro   0x00000000       0x94 D:\miescritorio\aplicaciones y juegos\pdisc\pdiscDabul\lpc_chip_175x_6x\Debug\liblpc_chip_175x_6x.a(clock_17xx_40xx.o)
 .debug_macro   0x00000000       0xb8 D:\miescritorio\aplicaciones y juegos\pdisc\pdiscDabul\lpc_chip_175x_6x\Debug\liblpc_chip_175x_6x.a(clock_17xx_40xx.o)
 .debug_macro   0x00000000       0x4c D:\miescritorio\aplicaciones y juegos\pdisc\pdiscDabul\lpc_chip_175x_6x\Debug\liblpc_chip_175x_6x.a(clock_17xx_40xx.o)
 .debug_macro   0x00000000       0x16 D:\miescritorio\aplicaciones y juegos\pdisc\pdiscDabul\lpc_chip_175x_6x\Debug\liblpc_chip_175x_6x.a(clock_17xx_40xx.o)
 .debug_macro   0x00000000      0x328 D:\miescritorio\aplicaciones y juegos\pdisc\pdiscDabul\lpc_chip_175x_6x\Debug\liblpc_chip_175x_6x.a(clock_17xx_40xx.o)
 .debug_macro   0x00000000       0x49 D:\miescritorio\aplicaciones y juegos\pdisc\pdiscDabul\lpc_chip_175x_6x\Debug\liblpc_chip_175x_6x.a(clock_17xx_40xx.o)
 .debug_macro   0x00000000       0x16 D:\miescritorio\aplicaciones y juegos\pdisc\pdiscDabul\lpc_chip_175x_6x\Debug\liblpc_chip_175x_6x.a(clock_17xx_40xx.o)
 .debug_macro   0x00000000       0xca D:\miescritorio\aplicaciones y juegos\pdisc\pdiscDabul\lpc_chip_175x_6x\Debug\liblpc_chip_175x_6x.a(clock_17xx_40xx.o)
 .debug_macro   0x00000000       0x18 D:\miescritorio\aplicaciones y juegos\pdisc\pdiscDabul\lpc_chip_175x_6x\Debug\liblpc_chip_175x_6x.a(clock_17xx_40xx.o)
 .text          0x00000000        0x0 d:/nxp/mcuxpressoide_10.0.2_411/ide/tools/bin/../lib/gcc/arm-none-eabi/5.4.1/../../../../arm-none-eabi/lib/armv7-m\libcr_c.a(__weak__main.o)
 .data          0x00000000        0x0 d:/nxp/mcuxpressoide_10.0.2_411/ide/tools/bin/../lib/gcc/arm-none-eabi/5.4.1/../../../../arm-none-eabi/lib/armv7-m\libcr_c.a(__weak__main.o)
 .bss           0x00000000        0x0 d:/nxp/mcuxpressoide_10.0.2_411/ide/tools/bin/../lib/gcc/arm-none-eabi/5.4.1/../../../../arm-none-eabi/lib/armv7-m\libcr_c.a(__weak__main.o)

Memory Configuration

Name             Origin             Length             Attributes
MFlash512        0x00000000         0x00080000         xr
RamLoc32         0x10000000         0x00008000         xrw
RamAHB32         0x2007c000         0x00008000         xrw
*default*        0x00000000         0xffffffff

Linker script and memory map

LOAD ./src/cr_startup_lpc175x_6x.o
LOAD ./src/crp.o
LOAD ./src/myblinky01.o
LOAD ./src/sysinit.o
LOAD D:\miescritorio\aplicaciones y juegos\pdisc\pdiscDabul\lpc_chip_175x_6x\Debug\liblpc_chip_175x_6x.a
START GROUP
LOAD d:/nxp/mcuxpressoide_10.0.2_411/ide/tools/bin/../lib/gcc/arm-none-eabi/5.4.1/../../../../arm-none-eabi/lib/armv7-m\libcr_c.a
LOAD d:/nxp/mcuxpressoide_10.0.2_411/ide/tools/bin/../lib/gcc/arm-none-eabi/5.4.1/armv7-m\libcr_eabihelpers.a
END GROUP
                0x00000000                __base_MFlash512 = 0x0
                0x00000000                __base_Flash = 0x0
                0x00080000                __top_MFlash512 = 0x80000
                0x00080000                __top_Flash = 0x80000
                0x10000000                __base_RamLoc32 = 0x10000000
                0x10000000                __base_RAM = 0x10000000
                0x10008000                __top_RamLoc32 = 0x10008000
                0x10008000                __top_RAM = 0x10008000
                0x2007c000                __base_RamAHB32 = 0x2007c000
                0x2007c000                __base_RAM2 = 0x2007c000
                0x20084000                __top_RamAHB32 = 0x20084000
                0x20084000                __top_RAM2 = 0x20084000

.text           0x00000000      0x874
 FILL mask 0xff
                0x00000000                __vectors_start__ = ABSOLUTE (.)
 *(.isr_vector)
 .isr_vector    0x00000000       0xcc ./src/cr_startup_lpc175x_6x.o
                0x00000000                g_pfnVectors
                0x000000cc                . = ALIGN (0x4)
                0x000000cc                __section_table_start = .
                0x000000cc                __data_section_table = .
                0x000000cc        0x4 LONG 0x874 LOADADDR (.data)
                0x000000d0        0x4 LONG 0x10000000 ADDR (.data)
                0x000000d4        0x4 LONG 0x0 SIZEOF (.data)
                0x000000d8        0x4 LONG 0x874 LOADADDR (.data_RAM2)
                0x000000dc        0x4 LONG 0x2007c000 ADDR (.data_RAM2)
                0x000000e0        0x4 LONG 0x0 SIZEOF (.data_RAM2)
                0x000000e4                __data_section_table_end = .
                0x000000e4                __bss_section_table = .
                0x000000e4        0x4 LONG 0x10000000 ADDR (.bss)
                0x000000e8        0x4 LONG 0xc SIZEOF (.bss)
                0x000000ec        0x4 LONG 0x2007c000 ADDR (.bss_RAM2)
                0x000000f0        0x4 LONG 0x0 SIZEOF (.bss_RAM2)
                0x000000f4                __bss_section_table_end = .
                0x000000f4                __section_table_end = .
 *(.after_vectors*)
 .after_vectors
                0x000000f4      0x170 ./src/cr_startup_lpc175x_6x.o
                0x000000f4                data_init
                0x00000138                bss_init
                0x00000170                ResetISR
                0x000001e8                NMI_Handler
                0x000001f0                HardFault_Handler
                0x000001f8                MemManage_Handler
                0x00000200                BusFault_Handler
                0x00000208                UsageFault_Handler
                0x00000210                SVC_Handler
                0x00000218                DebugMon_Handler
                0x00000220                PendSV_Handler
                0x00000228                SysTick_Handler
                0x0000025c                EINT3_IRQHandler
                0x0000025c                CANActivity_IRQHandler
                0x0000025c                TIMER3_IRQHandler
                0x0000025c                UART0_IRQHandler
                0x0000025c                UART1_IRQHandler
                0x0000025c                EINT2_IRQHandler
                0x0000025c                USBActivity_IRQHandler
                0x0000025c                IntDefaultHandler
                0x0000025c                PLL0_IRQHandler
                0x0000025c                CAN_IRQHandler
                0x0000025c                I2C1_IRQHandler
                0x0000025c                SSP0_IRQHandler
                0x0000025c                I2S_IRQHandler
                0x0000025c                I2C2_IRQHandler
                0x0000025c                RTC_IRQHandler
                0x0000025c                TIMER0_IRQHandler
                0x0000025c                SPI_IRQHandler
                0x0000025c                RIT_IRQHandler
                0x0000025c                EINT1_IRQHandler
                0x0000025c                TIMER1_IRQHandler
                0x0000025c                UART2_IRQHandler
                0x0000025c                ADC_IRQHandler
                0x0000025c                SSP1_IRQHandler
                0x0000025c                USB_IRQHandler
                0x0000025c                BOD_IRQHandler
                0x0000025c                I2C0_IRQHandler
                0x0000025c                WDT_IRQHandler
                0x0000025c                PWM1_IRQHandler
                0x0000025c                QEI_IRQHandler
                0x0000025c                EINT0_IRQHandler
                0x0000025c                ETH_IRQHandler
                0x0000025c                PLL1_IRQHandler
                0x0000025c                DMA_IRQHandler
                0x0000025c                TIMER2_IRQHandler
                0x0000025c                UART3_IRQHandler
                0x0000025c                MCPWM_IRQHandler
                0x000002fc                . = 0x2fc
 *fill*         0x00000264       0x98 ff
                0x000002fc                PROVIDE (__CRP_WORD_START__, .)
 *(.crp)
 .crp           0x000002fc        0x4 ./src/crp.o
                0x000002fc                CRP_WORD
                0x00000300                PROVIDE (__CRP_WORD_END__, .)
                0x00000001                ASSERT (! ((__CRP_WORD_START__ == __CRP_WORD_END__)), Linker CRP Enabled, but no CRP_WORD provided within application)
 *(.text*)
 .text.NVIC_SetPriority
                0x00000300       0x54 ./src/myblinky01.o
 .text.SysTick_Config
                0x00000354       0x44 ./src/myblinky01.o
 .text.Chip_GPIO_SetPinDIROutput
                0x00000398       0x38 ./src/myblinky01.o
 .text.Chip_GPIO_SetPinDIRInput
                0x000003d0       0x3c ./src/myblinky01.o
 .text.Chip_GPIO_SetPinDIR
                0x0000040c       0x44 ./src/myblinky01.o
 .text.Chip_GPIO_SetPinOutHigh
                0x00000450       0x2c ./src/myblinky01.o
 .text.Chip_GPIO_SetPinOutLow
                0x0000047c       0x2c ./src/myblinky01.o
 .text.main     0x000004a8       0xd0 ./src/myblinky01.o
                0x000004a8                main
 .text.SystemInit
                0x00000578       0x24 ./src/sysinit.o
                0x00000578                SystemInit
 .text.Chip_IOCON_PinMux
                0x0000059c       0x94 D:\miescritorio\aplicaciones y juegos\pdisc\pdiscDabul\lpc_chip_175x_6x\Debug\liblpc_chip_175x_6x.a(iocon_17xx_40xx.o)
                0x0000059c                Chip_IOCON_PinMux
 .text.Chip_Clock_IsMainPLLEnabled
                0x00000630       0x24 D:\miescritorio\aplicaciones y juegos\pdisc\pdiscDabul\lpc_chip_175x_6x\Debug\liblpc_chip_175x_6x.a(sysinit_17xx_40xx.o)
 .text.Chip_Clock_IsMainPLLLocked
                0x00000654       0x24 D:\miescritorio\aplicaciones y juegos\pdisc\pdiscDabul\lpc_chip_175x_6x\Debug\liblpc_chip_175x_6x.a(sysinit_17xx_40xx.o)
 .text.Chip_Clock_IsMainPLLConnected
                0x00000678       0x24 D:\miescritorio\aplicaciones y juegos\pdisc\pdiscDabul\lpc_chip_175x_6x\Debug\liblpc_chip_175x_6x.a(sysinit_17xx_40xx.o)
 .text.Chip_Clock_SetMainPLLSource
                0x0000069c       0x20 D:\miescritorio\aplicaciones y juegos\pdisc\pdiscDabul\lpc_chip_175x_6x\Debug\liblpc_chip_175x_6x.a(sysinit_17xx_40xx.o)
 .text.Chip_SetupIrcClocking
                0x000006bc       0x6c D:\miescritorio\aplicaciones y juegos\pdisc\pdiscDabul\lpc_chip_175x_6x\Debug\liblpc_chip_175x_6x.a(sysinit_17xx_40xx.o)
                0x000006bc                Chip_SetupIrcClocking
 .text.Chip_SystemInit
                0x00000728        0xc D:\miescritorio\aplicaciones y juegos\pdisc\pdiscDabul\lpc_chip_175x_6x\Debug\liblpc_chip_175x_6x.a(sysinit_17xx_40xx.o)
                0x00000728                Chip_SystemInit
 .text.Chip_Clock_FeedPLL
                0x00000734       0x34 D:\miescritorio\aplicaciones y juegos\pdisc\pdiscDabul\lpc_chip_175x_6x\Debug\liblpc_chip_175x_6x.a(clock_17xx_40xx.o)
 .text.Chip_Clock_EnablePLL
                0x00000768       0x44 D:\miescritorio\aplicaciones y juegos\pdisc\pdiscDabul\lpc_chip_175x_6x\Debug\liblpc_chip_175x_6x.a(clock_17xx_40xx.o)
                0x00000768                Chip_Clock_EnablePLL
 .text.Chip_Clock_DisablePLL
                0x000007ac       0x48 D:\miescritorio\aplicaciones y juegos\pdisc\pdiscDabul\lpc_chip_175x_6x\Debug\liblpc_chip_175x_6x.a(clock_17xx_40xx.o)
                0x000007ac                Chip_Clock_DisablePLL
 .text.Chip_Clock_SetupPLL
                0x000007f4       0x5c D:\miescritorio\aplicaciones y juegos\pdisc\pdiscDabul\lpc_chip_175x_6x\Debug\liblpc_chip_175x_6x.a(clock_17xx_40xx.o)
                0x000007f4                Chip_Clock_SetupPLL
 .text.Chip_Clock_SetCPUClockDiv
                0x00000850       0x20 D:\miescritorio\aplicaciones y juegos\pdisc\pdiscDabul\lpc_chip_175x_6x\Debug\liblpc_chip_175x_6x.a(clock_17xx_40xx.o)
                0x00000850                Chip_Clock_SetCPUClockDiv
 .text.__weak_main
                0x00000870        0x4 d:/nxp/mcuxpressoide_10.0.2_411/ide/tools/bin/../lib/gcc/arm-none-eabi/5.4.1/../../../../arm-none-eabi/lib/armv7-m\libcr_c.a(__weak__main.o)
                0x00000870                __weak_main
                0x00000870                __main
 *(.rodata .rodata.* .constdata .constdata.*)
                0x00000874                . = ALIGN (0x4)

.glue_7         0x00000874        0x0
 .glue_7        0x00000874        0x0 linker stubs

.glue_7t        0x00000874        0x0
 .glue_7t       0x00000874        0x0 linker stubs

.vfp11_veneer   0x00000874        0x0
 .vfp11_veneer  0x00000874        0x0 linker stubs

.v4_bx          0x00000874        0x0
 .v4_bx         0x00000874        0x0 linker stubs

.iplt           0x00000874        0x0
 .iplt          0x00000874        0x0 ./src/cr_startup_lpc175x_6x.o

.rel.dyn        0x00000874        0x0
 .rel.iplt      0x00000874        0x0 ./src/cr_startup_lpc175x_6x.o

.ARM.extab
 *(.ARM.extab* .gnu.linkonce.armextab.*)
                0x00000874                __exidx_start = .

.ARM.exidx
 *(.ARM.exidx* .gnu.linkonce.armexidx.*)
                0x00000874                __exidx_end = .
                0x00000874                _etext = .

.data_RAM2      0x2007c000        0x0 load address 0x00000874
 FILL mask 0xff
                [!provide]                PROVIDE (__start_data_RAM2, .)
 *(.ramfunc.$RAM2)
 *(.ramfunc.$RamAHB32)
 *(.data.$RAM2*)
 *(.data.$RamAHB32*)
                0x2007c000                . = ALIGN (0x4)
                [!provide]                PROVIDE (__end_data_RAM2, .)

.uninit_RESERVED
                0x10000000        0x0
 *(.bss.$RESERVED*)
                0x10000000                . = ALIGN (0x4)
                0x10000000                _end_uninit_RESERVED = .

.data           0x10000000        0x0 load address 0x00000874
 FILL mask 0xff
                0x10000000                _data = .
 *(vtable)
 *(.ramfunc*)
 *(.data*)
                0x10000000                . = ALIGN (0x4)
                0x10000000                _edata = .

.igot.plt       0x10000000        0x0 load address 0x00000874
 .igot.plt      0x10000000        0x0 ./src/cr_startup_lpc175x_6x.o

.bss_RAM2       0x2007c000        0x0
                [!provide]                PROVIDE (__start_bss_RAM2, .)
 *(.bss.$RAM2*)
 *(.bss.$RamAHB32*)
                0x2007c000                . = ALIGN ((. != 0x0)?0x4:0x1)
                [!provide]                PROVIDE (__end_bss_RAM2, .)

.bss            0x10000000        0xc
                0x10000000                _bss = .
 *(.bss*)
 .bss.contador  0x10000000        0x4 ./src/cr_startup_lpc175x_6x.o
                0x10000000                contador
 .bss.flag      0x10000004        0x4 ./src/cr_startup_lpc175x_6x.o
                0x10000004                flag
 .bss.estado    0x10000008        0x4 ./src/myblinky01.o
                0x10000008                estado
 *(COMMON)
                0x1000000c                . = ALIGN (0x4)
                0x1000000c                _ebss = .
                [!provide]                PROVIDE (end, .)

.noinit_RAM2    0x2007c000        0x0
 *(.noinit.$RAM2*)
 *(.noinit.$RamAHB32*)
                0x2007c000                . = ALIGN (0x4)

.noinit         0x1000000c        0x0
                0x1000000c                _noinit = .
 *(.noinit*)
                0x1000000c                . = ALIGN (0x4)
                0x1000000c                _end_noinit = .
                [!provide]                PROVIDE (_pvHeapStart, DEFINED (__user_heap_base)?__user_heap_base:.)
                0x10008000                PROVIDE (_vStackTop, DEFINED (__user_stack_top)?__user_stack_top:(__top_RamLoc32 - 0x0))
                0xefff74b2                PROVIDE (__valid_user_code_checksum, (0x0 - ((((((_vStackTop + (ResetISR + 0x1)) + (NMI_Handler + 0x1)) + (HardFault_Handler + 0x1)) + (DEFINED (MemManage_Handler)?MemManage_Handler:0x0 + 0x1)) + (DEFINED (BusFault_Handler)?BusFault_Handler:0x0 + 0x1)) + (DEFINED (UsageFault_Handler)?UsageFault_Handler:0x0 + 0x1))))
OUTPUT(myblinky.axf elf32-littlearm)

.debug_info     0x00000000     0x1fe5
 .debug_info    0x00000000      0x27e ./src/cr_startup_lpc175x_6x.o
 .debug_info    0x0000027e       0x3f ./src/crp.o
 .debug_info    0x000002bd      0x8e3 ./src/myblinky01.o
 .debug_info    0x00000ba0      0x1c1 ./src/sysinit.o
 .debug_info    0x00000d61      0x2e9 D:\miescritorio\aplicaciones y juegos\pdisc\pdiscDabul\lpc_chip_175x_6x\Debug\liblpc_chip_175x_6x.a(iocon_17xx_40xx.o)
 .debug_info    0x0000104a      0x439 D:\miescritorio\aplicaciones y juegos\pdisc\pdiscDabul\lpc_chip_175x_6x\Debug\liblpc_chip_175x_6x.a(sysinit_17xx_40xx.o)
 .debug_info    0x00001483      0xb62 D:\miescritorio\aplicaciones y juegos\pdisc\pdiscDabul\lpc_chip_175x_6x\Debug\liblpc_chip_175x_6x.a(clock_17xx_40xx.o)

.debug_abbrev   0x00000000      0x9b1
 .debug_abbrev  0x00000000      0x111 ./src/cr_startup_lpc175x_6x.o
 .debug_abbrev  0x00000111       0x36 ./src/crp.o
 .debug_abbrev  0x00000147      0x217 ./src/myblinky01.o
 .debug_abbrev  0x0000035e       0xcc ./src/sysinit.o
 .debug_abbrev  0x0000042a      0x126 D:\miescritorio\aplicaciones y juegos\pdisc\pdiscDabul\lpc_chip_175x_6x\Debug\liblpc_chip_175x_6x.a(iocon_17xx_40xx.o)
 .debug_abbrev  0x00000550      0x175 D:\miescritorio\aplicaciones y juegos\pdisc\pdiscDabul\lpc_chip_175x_6x\Debug\liblpc_chip_175x_6x.a(sysinit_17xx_40xx.o)
 .debug_abbrev  0x000006c5      0x2ec D:\miescritorio\aplicaciones y juegos\pdisc\pdiscDabul\lpc_chip_175x_6x\Debug\liblpc_chip_175x_6x.a(clock_17xx_40xx.o)

.debug_aranges  0x00000000      0x2c0
 .debug_aranges
                0x00000000       0x80 ./src/cr_startup_lpc175x_6x.o
 .debug_aranges
                0x00000080       0x18 ./src/crp.o
 .debug_aranges
                0x00000098       0x58 ./src/myblinky01.o
 .debug_aranges
                0x000000f0       0x20 ./src/sysinit.o
 .debug_aranges
                0x00000110       0x30 D:\miescritorio\aplicaciones y juegos\pdisc\pdiscDabul\lpc_chip_175x_6x\Debug\liblpc_chip_175x_6x.a(iocon_17xx_40xx.o)
 .debug_aranges
                0x00000140       0x60 D:\miescritorio\aplicaciones y juegos\pdisc\pdiscDabul\lpc_chip_175x_6x\Debug\liblpc_chip_175x_6x.a(sysinit_17xx_40xx.o)
 .debug_aranges
                0x000001a0      0x120 D:\miescritorio\aplicaciones y juegos\pdisc\pdiscDabul\lpc_chip_175x_6x\Debug\liblpc_chip_175x_6x.a(clock_17xx_40xx.o)

.debug_ranges   0x00000000      0x248
 .debug_ranges  0x00000000       0x70 ./src/cr_startup_lpc175x_6x.o
 .debug_ranges  0x00000070       0x48 ./src/myblinky01.o
 .debug_ranges  0x000000b8       0x10 ./src/sysinit.o
 .debug_ranges  0x000000c8       0x20 D:\miescritorio\aplicaciones y juegos\pdisc\pdiscDabul\lpc_chip_175x_6x\Debug\liblpc_chip_175x_6x.a(iocon_17xx_40xx.o)
 .debug_ranges  0x000000e8       0x50 D:\miescritorio\aplicaciones y juegos\pdisc\pdiscDabul\lpc_chip_175x_6x\Debug\liblpc_chip_175x_6x.a(sysinit_17xx_40xx.o)
 .debug_ranges  0x00000138      0x110 D:\miescritorio\aplicaciones y juegos\pdisc\pdiscDabul\lpc_chip_175x_6x\Debug\liblpc_chip_175x_6x.a(clock_17xx_40xx.o)

.debug_macro    0x00000000     0x4981
 .debug_macro   0x00000000       0x1d ./src/cr_startup_lpc175x_6x.o
 .debug_macro   0x0000001d      0x88c ./src/cr_startup_lpc175x_6x.o
 .debug_macro   0x000008a9       0x1a ./src/crp.o
 .debug_macro   0x000008c3       0x34 ./src/crp.o
 .debug_macro   0x000008f7      0x1d6 ./src/myblinky01.o
 .debug_macro   0x00000acd       0x10 ./src/myblinky01.o
 .debug_macro   0x00000add      0x12d ./src/myblinky01.o
 .debug_macro   0x00000c0a      0x5b2 ./src/myblinky01.o
 .debug_macro   0x000011bc       0x22 ./src/myblinky01.o
 .debug_macro   0x000011de       0x7b ./src/myblinky01.o
 .debug_macro   0x00001259       0x10 ./src/myblinky01.o
 .debug_macro   0x00001269       0x2d ./src/myblinky01.o
 .debug_macro   0x00001296       0x3a ./src/myblinky01.o
 .debug_macro   0x000012d0       0x2d ./src/myblinky01.o
 .debug_macro   0x000012fd      0xbb1 ./src/myblinky01.o
 .debug_macro   0x00001eae      0x22c ./src/myblinky01.o
 .debug_macro   0x000020da       0x42 ./src/myblinky01.o
 .debug_macro   0x0000211c       0x52 ./src/myblinky01.o
 .debug_macro   0x0000216e       0x78 ./src/myblinky01.o
 .debug_macro   0x000021e6       0x82 ./src/myblinky01.o
 .debug_macro   0x00002268      0x48c ./src/myblinky01.o
 .debug_macro   0x000026f4       0x34 ./src/myblinky01.o
 .debug_macro   0x00002728      0x4c5 ./src/myblinky01.o
 .debug_macro   0x00002bed      0x1b7 ./src/myblinky01.o
 .debug_macro   0x00002da4       0x10 ./src/myblinky01.o
 .debug_macro   0x00002db4      0x21b ./src/myblinky01.o
 .debug_macro   0x00002fcf      0x1b9 ./src/myblinky01.o
 .debug_macro   0x00003188       0x40 ./src/myblinky01.o
 .debug_macro   0x000031c8       0x22 ./src/myblinky01.o
 .debug_macro   0x000031ea      0x162 ./src/myblinky01.o
 .debug_macro   0x0000334c       0x94 ./src/myblinky01.o
 .debug_macro   0x000033e0       0xb8 ./src/myblinky01.o
 .debug_macro   0x00003498       0x4c ./src/myblinky01.o
 .debug_macro   0x000034e4       0x16 ./src/myblinky01.o
 .debug_macro   0x000034fa      0x328 ./src/myblinky01.o
 .debug_macro   0x00003822       0x49 ./src/myblinky01.o
 .debug_macro   0x0000386b       0x16 ./src/myblinky01.o
 .debug_macro   0x00003881       0xca ./src/myblinky01.o
 .debug_macro   0x0000394b       0x18 ./src/myblinky01.o
 .debug_macro   0x00003963       0x5e ./src/myblinky01.o
 .debug_macro   0x000039c1      0x1d3 ./src/sysinit.o
 .debug_macro   0x00003b94      0x1cd D:\miescritorio\aplicaciones y juegos\pdisc\pdiscDabul\lpc_chip_175x_6x\Debug\liblpc_chip_175x_6x.a(iocon_17xx_40xx.o)
 .debug_macro   0x00003d61      0x886 D:\miescritorio\aplicaciones y juegos\pdisc\pdiscDabul\lpc_chip_175x_6x\Debug\liblpc_chip_175x_6x.a(iocon_17xx_40xx.o)
 .debug_macro   0x000045e7      0x1cd D:\miescritorio\aplicaciones y juegos\pdisc\pdiscDabul\lpc_chip_175x_6x\Debug\liblpc_chip_175x_6x.a(sysinit_17xx_40xx.o)
 .debug_macro   0x000047b4      0x1cd D:\miescritorio\aplicaciones y juegos\pdisc\pdiscDabul\lpc_chip_175x_6x\Debug\liblpc_chip_175x_6x.a(clock_17xx_40xx.o)

.debug_line     0x00000000     0x1a2c
 .debug_line    0x00000000       0xd5 ./src/cr_startup_lpc175x_6x.o
 .debug_line    0x000000d5       0x75 ./src/crp.o
 .debug_line    0x0000014a      0x50c ./src/myblinky01.o
 .debug_line    0x00000656      0x402 ./src/sysinit.o
 .debug_line    0x00000a58      0x43e D:\miescritorio\aplicaciones y juegos\pdisc\pdiscDabul\lpc_chip_175x_6x\Debug\liblpc_chip_175x_6x.a(iocon_17xx_40xx.o)
 .debug_line    0x00000e96      0x4c8 D:\miescritorio\aplicaciones y juegos\pdisc\pdiscDabul\lpc_chip_175x_6x\Debug\liblpc_chip_175x_6x.a(sysinit_17xx_40xx.o)
 .debug_line    0x0000135e      0x6ce D:\miescritorio\aplicaciones y juegos\pdisc\pdiscDabul\lpc_chip_175x_6x\Debug\liblpc_chip_175x_6x.a(clock_17xx_40xx.o)

.debug_str      0x00000000    0x11c00
 .debug_str     0x00000000     0x26a7 ./src/cr_startup_lpc175x_6x.o
                               0x26ba (size before relaxing)
 .debug_str     0x000026a7       0xe9 ./src/crp.o
                               0x25c4 (size before relaxing)
 .debug_str     0x00002790     0xe5c6 ./src/myblinky01.o
                              0x10b9b (size before relaxing)
 .debug_str     0x00010d56       0x2a ./src/sysinit.o
                              0x106ab (size before relaxing)
 .debug_str     0x00010d80      0x1a4 D:\miescritorio\aplicaciones y juegos\pdisc\pdiscDabul\lpc_chip_175x_6x\Debug\liblpc_chip_175x_6x.a(iocon_17xx_40xx.o)
                              0x105aa (size before relaxing)
 .debug_str     0x00010f24      0x282 D:\miescritorio\aplicaciones y juegos\pdisc\pdiscDabul\lpc_chip_175x_6x\Debug\liblpc_chip_175x_6x.a(sysinit_17xx_40xx.o)
                              0x10792 (size before relaxing)
 .debug_str     0x000111a6      0xa5a D:\miescritorio\aplicaciones y juegos\pdisc\pdiscDabul\lpc_chip_175x_6x\Debug\liblpc_chip_175x_6x.a(clock_17xx_40xx.o)
                              0x1112d (size before relaxing)

.comment        0x00000000       0x6e
 .comment       0x00000000       0x6e ./src/cr_startup_lpc175x_6x.o
                                 0x6f (size before relaxing)
 .comment       0x0000006e       0x6f ./src/crp.o
 .comment       0x0000006e       0x6f ./src/myblinky01.o
 .comment       0x0000006e       0x6f ./src/sysinit.o
 .comment       0x0000006e       0x6f D:\miescritorio\aplicaciones y juegos\pdisc\pdiscDabul\lpc_chip_175x_6x\Debug\liblpc_chip_175x_6x.a(iocon_17xx_40xx.o)
 .comment       0x0000006e       0x6f D:\miescritorio\aplicaciones y juegos\pdisc\pdiscDabul\lpc_chip_175x_6x\Debug\liblpc_chip_175x_6x.a(sysinit_17xx_40xx.o)
 .comment       0x0000006e       0x6f D:\miescritorio\aplicaciones y juegos\pdisc\pdiscDabul\lpc_chip_175x_6x\Debug\liblpc_chip_175x_6x.a(clock_17xx_40xx.o)
 .comment       0x0000006e       0x6f d:/nxp/mcuxpressoide_10.0.2_411/ide/tools/bin/../lib/gcc/arm-none-eabi/5.4.1/../../../../arm-none-eabi/lib/armv7-m\libcr_c.a(__weak__main.o)

.ARM.attributes
                0x00000000       0x33
 .ARM.attributes
                0x00000000       0x33 ./src/cr_startup_lpc175x_6x.o
 .ARM.attributes
                0x00000033       0x33 ./src/crp.o
 .ARM.attributes
                0x00000066       0x33 ./src/myblinky01.o
 .ARM.attributes
                0x00000099       0x33 ./src/sysinit.o
 .ARM.attributes
                0x000000cc       0x33 D:\miescritorio\aplicaciones y juegos\pdisc\pdiscDabul\lpc_chip_175x_6x\Debug\liblpc_chip_175x_6x.a(iocon_17xx_40xx.o)
 .ARM.attributes
                0x000000ff       0x33 D:\miescritorio\aplicaciones y juegos\pdisc\pdiscDabul\lpc_chip_175x_6x\Debug\liblpc_chip_175x_6x.a(sysinit_17xx_40xx.o)
 .ARM.attributes
                0x00000132       0x33 D:\miescritorio\aplicaciones y juegos\pdisc\pdiscDabul\lpc_chip_175x_6x\Debug\liblpc_chip_175x_6x.a(clock_17xx_40xx.o)
 .ARM.attributes
                0x00000165       0x33 d:/nxp/mcuxpressoide_10.0.2_411/ide/tools/bin/../lib/gcc/arm-none-eabi/5.4.1/../../../../arm-none-eabi/lib/armv7-m\libcr_c.a(__weak__main.o)

.debug_frame    0x00000000      0x928
 .debug_frame   0x00000000      0x178 ./src/cr_startup_lpc175x_6x.o
 .debug_frame   0x00000178      0x140 ./src/myblinky01.o
 .debug_frame   0x000002b8       0x34 ./src/sysinit.o
 .debug_frame   0x000002ec       0x80 D:\miescritorio\aplicaciones y juegos\pdisc\pdiscDabul\lpc_chip_175x_6x\Debug\liblpc_chip_175x_6x.a(iocon_17xx_40xx.o)
 .debug_frame   0x0000036c      0x12c D:\miescritorio\aplicaciones y juegos\pdisc\pdiscDabul\lpc_chip_175x_6x\Debug\liblpc_chip_175x_6x.a(sysinit_17xx_40xx.o)
 .debug_frame   0x00000498      0x490 D:\miescritorio\aplicaciones y juegos\pdisc\pdiscDabul\lpc_chip_175x_6x\Debug\liblpc_chip_175x_6x.a(clock_17xx_40xx.o)
