Archive member included to satisfy reference by file (symbol)

D:\miescritorio\aplicaciones y juegos\pdisc\pdiscDabul\lpc_chip_175x_6x\Debug\liblpc_chip_175x_6x.a(iocon_17xx_40xx.o)
                              ./src/semaforo.o (Chip_IOCON_PinMux)
D:\miescritorio\aplicaciones y juegos\pdisc\pdiscDabul\lpc_chip_175x_6x\Debug\liblpc_chip_175x_6x.a(sysinit_17xx_40xx.o)
                              ./src/sysinit.o (Chip_SystemInit)
D:\miescritorio\aplicaciones y juegos\pdisc\pdiscDabul\lpc_chip_175x_6x\Debug\liblpc_chip_175x_6x.a(clock_17xx_40xx.o)
                              D:\miescritorio\aplicaciones y juegos\pdisc\pdiscDabul\lpc_chip_175x_6x\Debug\liblpc_chip_175x_6x.a(sysinit_17xx_40xx.o) (Chip_Clock_EnablePLL)
d:/nxp/mcuxpressoide_10.0.2_411/ide/tools/bin/../lib/gcc/arm-none-eabi/5.4.1/../../../../arm-none-eabi/lib/armv7-m\libcr_c.a(__weak__main.o)
                              ./src/cr_startup_lpc175x_6x.o (__main)

Discarded input sections

 .group         0x00000000        0x8 ./src/cr_startup_lpc175x_6x.o
 .text          0x00000000        0x0 ./src/cr_startup_lpc175x_6x.o
 .data          0x00000000        0x0 ./src/cr_startup_lpc175x_6x.o
 .bss           0x00000000        0x0 ./src/cr_startup_lpc175x_6x.o
 .group         0x00000000        0x8 ./src/crp.o
 .group         0x00000000        0x8 ./src/crp.o
 .text          0x00000000        0x0 ./src/crp.o
 .data          0x00000000        0x0 ./src/crp.o
 .bss           0x00000000        0x0 ./src/crp.o
 .debug_macro   0x00000000      0x892 ./src/crp.o
 .group         0x00000000        0x8 ./src/semaforo.o
 .group         0x00000000        0x8 ./src/semaforo.o
 .group         0x00000000        0x8 ./src/semaforo.o
 .group         0x00000000        0x8 ./src/semaforo.o
 .group         0x00000000        0x8 ./src/semaforo.o
 .group         0x00000000        0x8 ./src/semaforo.o
 .group         0x00000000        0x8 ./src/semaforo.o
 .group         0x00000000        0x8 ./src/semaforo.o
 .group         0x00000000        0x8 ./src/semaforo.o
 .group         0x00000000        0x8 ./src/semaforo.o
 .group         0x00000000        0x8 ./src/semaforo.o
 .group         0x00000000        0x8 ./src/semaforo.o
 .group         0x00000000        0x8 ./src/semaforo.o
 .group         0x00000000        0x8 ./src/semaforo.o
 .group         0x00000000        0x8 ./src/semaforo.o
 .group         0x00000000        0x8 ./src/semaforo.o
 .group         0x00000000        0x8 ./src/semaforo.o
 .group         0x00000000        0x8 ./src/semaforo.o
 .group         0x00000000        0x8 ./src/semaforo.o
 .group         0x00000000        0x8 ./src/semaforo.o
 .group         0x00000000        0x8 ./src/semaforo.o
 .group         0x00000000        0x8 ./src/semaforo.o
 .group         0x00000000        0x8 ./src/semaforo.o
 .group         0x00000000        0x8 ./src/semaforo.o
 .group         0x00000000        0x8 ./src/semaforo.o
 .group         0x00000000        0x8 ./src/semaforo.o
 .group         0x00000000        0x8 ./src/semaforo.o
 .group         0x00000000        0x8 ./src/semaforo.o
 .group         0x00000000        0x8 ./src/semaforo.o
 .group         0x00000000        0x8 ./src/semaforo.o
 .group         0x00000000        0x8 ./src/semaforo.o
 .group         0x00000000        0x8 ./src/semaforo.o
 .group         0x00000000        0x8 ./src/semaforo.o
 .group         0x00000000        0x8 ./src/semaforo.o
 .group         0x00000000        0x8 ./src/semaforo.o
 .group         0x00000000        0x8 ./src/semaforo.o
 .text          0x00000000        0x0 ./src/semaforo.o
 .data          0x00000000        0x0 ./src/semaforo.o
 .bss           0x00000000        0x0 ./src/semaforo.o
 .debug_macro   0x00000000      0x892 ./src/semaforo.o
 .group         0x00000000        0x8 ./src/sysinit.o
 .group         0x00000000        0x8 ./src/sysinit.o
 .group         0x00000000        0x8 ./src/sysinit.o
 .group         0x00000000        0x8 ./src/sysinit.o
 .group         0x00000000        0x8 ./src/sysinit.o
 .group         0x00000000        0x8 ./src/sysinit.o
 .group         0x00000000        0x8 ./src/sysinit.o
 .group         0x00000000        0x8 ./src/sysinit.o
 .group         0x00000000        0x8 ./src/sysinit.o
 .group         0x00000000        0x8 ./src/sysinit.o
 .group         0x00000000        0x8 ./src/sysinit.o
 .group         0x00000000        0x8 ./src/sysinit.o
 .group         0x00000000        0x8 ./src/sysinit.o
 .group         0x00000000        0x8 ./src/sysinit.o
 .group         0x00000000        0x8 ./src/sysinit.o
 .group         0x00000000        0x8 ./src/sysinit.o
 .group         0x00000000        0x8 ./src/sysinit.o
 .group         0x00000000        0x8 ./src/sysinit.o
 .group         0x00000000        0x8 ./src/sysinit.o
 .group         0x00000000        0x8 ./src/sysinit.o
 .group         0x00000000        0x8 ./src/sysinit.o
 .group         0x00000000        0x8 ./src/sysinit.o
 .group         0x00000000        0x8 ./src/sysinit.o
 .group         0x00000000        0x8 ./src/sysinit.o
 .group         0x00000000        0x8 ./src/sysinit.o
 .group         0x00000000        0x8 ./src/sysinit.o
 .group         0x00000000        0x8 ./src/sysinit.o
 .group         0x00000000        0x8 ./src/sysinit.o
 .group         0x00000000        0x8 ./src/sysinit.o
 .group         0x00000000        0x8 ./src/sysinit.o
 .group         0x00000000        0x8 ./src/sysinit.o
 .group         0x00000000        0x8 ./src/sysinit.o
 .group         0x00000000        0x8 ./src/sysinit.o
 .group         0x00000000        0x8 ./src/sysinit.o
 .group         0x00000000        0x8 ./src/sysinit.o
 .text          0x00000000        0x0 ./src/sysinit.o
 .data          0x00000000        0x0 ./src/sysinit.o
 .bss           0x00000000        0x0 ./src/sysinit.o
 .rodata.OscRateIn
                0x00000000        0x4 ./src/sysinit.o
 .rodata.RTCOscRateIn
                0x00000000        0x4 ./src/sysinit.o
 .debug_macro   0x00000000      0x892 ./src/sysinit.o
 .debug_macro   0x00000000       0x10 ./src/sysinit.o
 .debug_macro   0x00000000      0x12d ./src/sysinit.o
 .debug_macro   0x00000000      0x5b2 ./src/sysinit.o
 .debug_macro   0x00000000       0x22 ./src/sysinit.o
 .debug_macro   0x00000000       0x7b ./src/sysinit.o
 .debug_macro   0x00000000       0x10 ./src/sysinit.o
 .debug_macro   0x00000000       0x2d ./src/sysinit.o
 .debug_macro   0x00000000       0x3a ./src/sysinit.o
 .debug_macro   0x00000000       0x2d ./src/sysinit.o
 .debug_macro   0x00000000      0xbb1 ./src/sysinit.o
 .debug_macro   0x00000000      0x22c ./src/sysinit.o
 .debug_macro   0x00000000       0x42 ./src/sysinit.o
 .debug_macro   0x00000000       0x52 ./src/sysinit.o
 .debug_macro   0x00000000       0x78 ./src/sysinit.o
 .debug_macro   0x00000000       0x82 ./src/sysinit.o
 .debug_macro   0x00000000      0x48c ./src/sysinit.o
 .debug_macro   0x00000000       0x34 ./src/sysinit.o
 .debug_macro   0x00000000      0x4c5 ./src/sysinit.o
 .debug_macro   0x00000000      0x1b7 ./src/sysinit.o
 .debug_macro   0x00000000       0x10 ./src/sysinit.o
 .debug_macro   0x00000000      0x21b ./src/sysinit.o
 .debug_macro   0x00000000      0x1b9 ./src/sysinit.o
 .debug_macro   0x00000000       0x40 ./src/sysinit.o
 .debug_macro   0x00000000       0x22 ./src/sysinit.o
 .debug_macro   0x00000000      0x162 ./src/sysinit.o
 .debug_macro   0x00000000       0x94 ./src/sysinit.o
 .debug_macro   0x00000000       0xb8 ./src/sysinit.o
 .debug_macro   0x00000000       0x4c ./src/sysinit.o
 .debug_macro   0x00000000       0x16 ./src/sysinit.o
 .debug_macro   0x00000000      0x328 ./src/sysinit.o
 .debug_macro   0x00000000       0x49 ./src/sysinit.o
 .debug_macro   0x00000000       0x16 ./src/sysinit.o
 .debug_macro   0x00000000       0xca ./src/sysinit.o
 .debug_macro   0x00000000       0x18 ./src/sysinit.o
 .group         0x00000000        0x8 D:\miescritorio\aplicaciones y juegos\pdisc\pdiscDabul\lpc_chip_175x_6x\Debug\liblpc_chip_175x_6x.a(iocon_17xx_40xx.o)
 .group         0x00000000        0x8 D:\miescritorio\aplicaciones y juegos\pdisc\pdiscDabul\lpc_chip_175x_6x\Debug\liblpc_chip_175x_6x.a(iocon_17xx_40xx.o)
 .group         0x00000000        0x8 D:\miescritorio\aplicaciones y juegos\pdisc\pdiscDabul\lpc_chip_175x_6x\Debug\liblpc_chip_175x_6x.a(iocon_17xx_40xx.o)
 .group         0x00000000        0x8 D:\miescritorio\aplicaciones y juegos\pdisc\pdiscDabul\lpc_chip_175x_6x\Debug\liblpc_chip_175x_6x.a(iocon_17xx_40xx.o)
 .group         0x00000000        0x8 D:\miescritorio\aplicaciones y juegos\pdisc\pdiscDabul\lpc_chip_175x_6x\Debug\liblpc_chip_175x_6x.a(iocon_17xx_40xx.o)
 .group         0x00000000        0x8 D:\miescritorio\aplicaciones y juegos\pdisc\pdiscDabul\lpc_chip_175x_6x\Debug\liblpc_chip_175x_6x.a(iocon_17xx_40xx.o)
 .group         0x00000000        0x8 D:\miescritorio\aplicaciones y juegos\pdisc\pdiscDabul\lpc_chip_175x_6x\Debug\liblpc_chip_175x_6x.a(iocon_17xx_40xx.o)
 .group         0x00000000        0x8 D:\miescritorio\aplicaciones y juegos\pdisc\pdiscDabul\lpc_chip_175x_6x\Debug\liblpc_chip_175x_6x.a(iocon_17xx_40xx.o)
 .group         0x00000000        0x8 D:\miescritorio\aplicaciones y juegos\pdisc\pdiscDabul\lpc_chip_175x_6x\Debug\liblpc_chip_175x_6x.a(iocon_17xx_40xx.o)
 .group         0x00000000        0x8 D:\miescritorio\aplicaciones y juegos\pdisc\pdiscDabul\lpc_chip_175x_6x\Debug\liblpc_chip_175x_6x.a(iocon_17xx_40xx.o)
 .group         0x00000000        0x8 D:\miescritorio\aplicaciones y juegos\pdisc\pdiscDabul\lpc_chip_175x_6x\Debug\liblpc_chip_175x_6x.a(iocon_17xx_40xx.o)
 .group         0x00000000        0x8 D:\miescritorio\aplicaciones y juegos\pdisc\pdiscDabul\lpc_chip_175x_6x\Debug\liblpc_chip_175x_6x.a(iocon_17xx_40xx.o)
 .group         0x00000000        0x8 D:\miescritorio\aplicaciones y juegos\pdisc\pdiscDabul\lpc_chip_175x_6x\Debug\liblpc_chip_175x_6x.a(iocon_17xx_40xx.o)
 .group         0x00000000        0x8 D:\miescritorio\aplicaciones y juegos\pdisc\pdiscDabul\lpc_chip_175x_6x\Debug\liblpc_chip_175x_6x.a(iocon_17xx_40xx.o)
 .group         0x00000000        0x8 D:\miescritorio\aplicaciones y juegos\pdisc\pdiscDabul\lpc_chip_175x_6x\Debug\liblpc_chip_175x_6x.a(iocon_17xx_40xx.o)
 .group         0x00000000        0x8 D:\miescritorio\aplicaciones y juegos\pdisc\pdiscDabul\lpc_chip_175x_6x\Debug\liblpc_chip_175x_6x.a(iocon_17xx_40xx.o)
 .group         0x00000000        0x8 D:\miescritorio\aplicaciones y juegos\pdisc\pdiscDabul\lpc_chip_175x_6x\Debug\liblpc_chip_175x_6x.a(iocon_17xx_40xx.o)
 .group         0x00000000        0x8 D:\miescritorio\aplicaciones y juegos\pdisc\pdiscDabul\lpc_chip_175x_6x\Debug\liblpc_chip_175x_6x.a(iocon_17xx_40xx.o)
 .group         0x00000000        0x8 D:\miescritorio\aplicaciones y juegos\pdisc\pdiscDabul\lpc_chip_175x_6x\Debug\liblpc_chip_175x_6x.a(iocon_17xx_40xx.o)
 .group         0x00000000        0x8 D:\miescritorio\aplicaciones y juegos\pdisc\pdiscDabul\lpc_chip_175x_6x\Debug\liblpc_chip_175x_6x.a(iocon_17xx_40xx.o)
 .group         0x00000000        0x8 D:\miescritorio\aplicaciones y juegos\pdisc\pdiscDabul\lpc_chip_175x_6x\Debug\liblpc_chip_175x_6x.a(iocon_17xx_40xx.o)
 .group         0x00000000        0x8 D:\miescritorio\aplicaciones y juegos\pdisc\pdiscDabul\lpc_chip_175x_6x\Debug\liblpc_chip_175x_6x.a(iocon_17xx_40xx.o)
 .group         0x00000000        0x8 D:\miescritorio\aplicaciones y juegos\pdisc\pdiscDabul\lpc_chip_175x_6x\Debug\liblpc_chip_175x_6x.a(iocon_17xx_40xx.o)
 .group         0x00000000        0x8 D:\miescritorio\aplicaciones y juegos\pdisc\pdiscDabul\lpc_chip_175x_6x\Debug\liblpc_chip_175x_6x.a(iocon_17xx_40xx.o)
 .group         0x00000000        0x8 D:\miescritorio\aplicaciones y juegos\pdisc\pdiscDabul\lpc_chip_175x_6x\Debug\liblpc_chip_175x_6x.a(iocon_17xx_40xx.o)
 .group         0x00000000        0x8 D:\miescritorio\aplicaciones y juegos\pdisc\pdiscDabul\lpc_chip_175x_6x\Debug\liblpc_chip_175x_6x.a(iocon_17xx_40xx.o)
 .group         0x00000000        0x8 D:\miescritorio\aplicaciones y juegos\pdisc\pdiscDabul\lpc_chip_175x_6x\Debug\liblpc_chip_175x_6x.a(iocon_17xx_40xx.o)
 .group         0x00000000        0x8 D:\miescritorio\aplicaciones y juegos\pdisc\pdiscDabul\lpc_chip_175x_6x\Debug\liblpc_chip_175x_6x.a(iocon_17xx_40xx.o)
 .group         0x00000000        0x8 D:\miescritorio\aplicaciones y juegos\pdisc\pdiscDabul\lpc_chip_175x_6x\Debug\liblpc_chip_175x_6x.a(iocon_17xx_40xx.o)
 .group         0x00000000        0x8 D:\miescritorio\aplicaciones y juegos\pdisc\pdiscDabul\lpc_chip_175x_6x\Debug\liblpc_chip_175x_6x.a(iocon_17xx_40xx.o)
 .group         0x00000000        0x8 D:\miescritorio\aplicaciones y juegos\pdisc\pdiscDabul\lpc_chip_175x_6x\Debug\liblpc_chip_175x_6x.a(iocon_17xx_40xx.o)
 .group         0x00000000        0x8 D:\miescritorio\aplicaciones y juegos\pdisc\pdiscDabul\lpc_chip_175x_6x\Debug\liblpc_chip_175x_6x.a(iocon_17xx_40xx.o)
 .group         0x00000000        0x8 D:\miescritorio\aplicaciones y juegos\pdisc\pdiscDabul\lpc_chip_175x_6x\Debug\liblpc_chip_175x_6x.a(iocon_17xx_40xx.o)
 .group         0x00000000        0x8 D:\miescritorio\aplicaciones y juegos\pdisc\pdiscDabul\lpc_chip_175x_6x\Debug\liblpc_chip_175x_6x.a(iocon_17xx_40xx.o)
 .group         0x00000000        0x8 D:\miescritorio\aplicaciones y juegos\pdisc\pdiscDabul\lpc_chip_175x_6x\Debug\liblpc_chip_175x_6x.a(iocon_17xx_40xx.o)
 .text          0x00000000        0x0 D:\miescritorio\aplicaciones y juegos\pdisc\pdiscDabul\lpc_chip_175x_6x\Debug\liblpc_chip_175x_6x.a(iocon_17xx_40xx.o)
 .data          0x00000000        0x0 D:\miescritorio\aplicaciones y juegos\pdisc\pdiscDabul\lpc_chip_175x_6x\Debug\liblpc_chip_175x_6x.a(iocon_17xx_40xx.o)
 .bss           0x00000000        0x0 D:\miescritorio\aplicaciones y juegos\pdisc\pdiscDabul\lpc_chip_175x_6x\Debug\liblpc_chip_175x_6x.a(iocon_17xx_40xx.o)
 .text.Chip_IOCON_PinMuxSet
                0x00000000       0x38 D:\miescritorio\aplicaciones y juegos\pdisc\pdiscDabul\lpc_chip_175x_6x\Debug\liblpc_chip_175x_6x.a(iocon_17xx_40xx.o)
 .text.Chip_IOCON_SetPinMuxing
                0x00000000       0x64 D:\miescritorio\aplicaciones y juegos\pdisc\pdiscDabul\lpc_chip_175x_6x\Debug\liblpc_chip_175x_6x.a(iocon_17xx_40xx.o)
 .debug_macro   0x00000000       0x10 D:\miescritorio\aplicaciones y juegos\pdisc\pdiscDabul\lpc_chip_175x_6x\Debug\liblpc_chip_175x_6x.a(iocon_17xx_40xx.o)
 .debug_macro   0x00000000      0x12d D:\miescritorio\aplicaciones y juegos\pdisc\pdiscDabul\lpc_chip_175x_6x\Debug\liblpc_chip_175x_6x.a(iocon_17xx_40xx.o)
 .debug_macro   0x00000000      0x5b2 D:\miescritorio\aplicaciones y juegos\pdisc\pdiscDabul\lpc_chip_175x_6x\Debug\liblpc_chip_175x_6x.a(iocon_17xx_40xx.o)
 .debug_macro   0x00000000       0x22 D:\miescritorio\aplicaciones y juegos\pdisc\pdiscDabul\lpc_chip_175x_6x\Debug\liblpc_chip_175x_6x.a(iocon_17xx_40xx.o)
 .debug_macro   0x00000000       0x7b D:\miescritorio\aplicaciones y juegos\pdisc\pdiscDabul\lpc_chip_175x_6x\Debug\liblpc_chip_175x_6x.a(iocon_17xx_40xx.o)
 .debug_macro   0x00000000       0x10 D:\miescritorio\aplicaciones y juegos\pdisc\pdiscDabul\lpc_chip_175x_6x\Debug\liblpc_chip_175x_6x.a(iocon_17xx_40xx.o)
 .debug_macro   0x00000000       0x2d D:\miescritorio\aplicaciones y juegos\pdisc\pdiscDabul\lpc_chip_175x_6x\Debug\liblpc_chip_175x_6x.a(iocon_17xx_40xx.o)
 .debug_macro   0x00000000       0x3a D:\miescritorio\aplicaciones y juegos\pdisc\pdiscDabul\lpc_chip_175x_6x\Debug\liblpc_chip_175x_6x.a(iocon_17xx_40xx.o)
 .debug_macro   0x00000000       0x2d D:\miescritorio\aplicaciones y juegos\pdisc\pdiscDabul\lpc_chip_175x_6x\Debug\liblpc_chip_175x_6x.a(iocon_17xx_40xx.o)
 .debug_macro   0x00000000      0xbb1 D:\miescritorio\aplicaciones y juegos\pdisc\pdiscDabul\lpc_chip_175x_6x\Debug\liblpc_chip_175x_6x.a(iocon_17xx_40xx.o)
 .debug_macro   0x00000000      0x22c D:\miescritorio\aplicaciones y juegos\pdisc\pdiscDabul\lpc_chip_175x_6x\Debug\liblpc_chip_175x_6x.a(iocon_17xx_40xx.o)
 .debug_macro   0x00000000       0x42 D:\miescritorio\aplicaciones y juegos\pdisc\pdiscDabul\lpc_chip_175x_6x\Debug\liblpc_chip_175x_6x.a(iocon_17xx_40xx.o)
 .debug_macro   0x00000000       0x52 D:\miescritorio\aplicaciones y juegos\pdisc\pdiscDabul\lpc_chip_175x_6x\Debug\liblpc_chip_175x_6x.a(iocon_17xx_40xx.o)
 .debug_macro   0x00000000       0x78 D:\miescritorio\aplicaciones y juegos\pdisc\pdiscDabul\lpc_chip_175x_6x\Debug\liblpc_chip_175x_6x.a(iocon_17xx_40xx.o)
 .debug_macro   0x00000000       0x82 D:\miescritorio\aplicaciones y juegos\pdisc\pdiscDabul\lpc_chip_175x_6x\Debug\liblpc_chip_175x_6x.a(iocon_17xx_40xx.o)
 .debug_macro   0x00000000      0x48c D:\miescritorio\aplicaciones y juegos\pdisc\pdiscDabul\lpc_chip_175x_6x\Debug\liblpc_chip_175x_6x.a(iocon_17xx_40xx.o)
 .debug_macro   0x00000000       0x34 D:\miescritorio\aplicaciones y juegos\pdisc\pdiscDabul\lpc_chip_175x_6x\Debug\liblpc_chip_175x_6x.a(iocon_17xx_40xx.o)
 .debug_macro   0x00000000      0x4c5 D:\miescritorio\aplicaciones y juegos\pdisc\pdiscDabul\lpc_chip_175x_6x\Debug\liblpc_chip_175x_6x.a(iocon_17xx_40xx.o)
 .debug_macro   0x00000000      0x1b7 D:\miescritorio\aplicaciones y juegos\pdisc\pdiscDabul\lpc_chip_175x_6x\Debug\liblpc_chip_175x_6x.a(iocon_17xx_40xx.o)
 .debug_macro   0x00000000       0x10 D:\miescritorio\aplicaciones y juegos\pdisc\pdiscDabul\lpc_chip_175x_6x\Debug\liblpc_chip_175x_6x.a(iocon_17xx_40xx.o)
 .debug_macro   0x00000000      0x21b D:\miescritorio\aplicaciones y juegos\pdisc\pdiscDabul\lpc_chip_175x_6x\Debug\liblpc_chip_175x_6x.a(iocon_17xx_40xx.o)
 .debug_macro   0x00000000      0x1b9 D:\miescritorio\aplicaciones y juegos\pdisc\pdiscDabul\lpc_chip_175x_6x\Debug\liblpc_chip_175x_6x.a(iocon_17xx_40xx.o)
 .debug_macro   0x00000000       0x40 D:\miescritorio\aplicaciones y juegos\pdisc\pdiscDabul\lpc_chip_175x_6x\Debug\liblpc_chip_175x_6x.a(iocon_17xx_40xx.o)
 .debug_macro   0x00000000       0x22 D:\miescritorio\aplicaciones y juegos\pdisc\pdiscDabul\lpc_chip_175x_6x\Debug\liblpc_chip_175x_6x.a(iocon_17xx_40xx.o)
 .debug_macro   0x00000000      0x162 D:\miescritorio\aplicaciones y juegos\pdisc\pdiscDabul\lpc_chip_175x_6x\Debug\liblpc_chip_175x_6x.a(iocon_17xx_40xx.o)
 .debug_macro   0x00000000       0x94 D:\miescritorio\aplicaciones y juegos\pdisc\pdiscDabul\lpc_chip_175x_6x\Debug\liblpc_chip_175x_6x.a(iocon_17xx_40xx.o)
 .debug_macro   0x00000000       0xb8 D:\miescritorio\aplicaciones y juegos\pdisc\pdiscDabul\lpc_chip_175x_6x\Debug\liblpc_chip_175x_6x.a(iocon_17xx_40xx.o)
 .debug_macro   0x00000000       0x4c D:\miescritorio\aplicaciones y juegos\pdisc\pdiscDabul\lpc_chip_175x_6x\Debug\liblpc_chip_175x_6x.a(iocon_17xx_40xx.o)
 .debug_macro   0x00000000       0x16 D:\miescritorio\aplicaciones y juegos\pdisc\pdiscDabul\lpc_chip_175x_6x\Debug\liblpc_chip_175x_6x.a(iocon_17xx_40xx.o)
 .debug_macro   0x00000000      0x328 D:\miescritorio\aplicaciones y juegos\pdisc\pdiscDabul\lpc_chip_175x_6x\Debug\liblpc_chip_175x_6x.a(iocon_17xx_40xx.o)
 .debug_macro   0x00000000       0x49 D:\miescritorio\aplicaciones y juegos\pdisc\pdiscDabul\lpc_chip_175x_6x\Debug\liblpc_chip_175x_6x.a(iocon_17xx_40xx.o)
 .debug_macro   0x00000000       0x16 D:\miescritorio\aplicaciones y juegos\pdisc\pdiscDabul\lpc_chip_175x_6x\Debug\liblpc_chip_175x_6x.a(iocon_17xx_40xx.o)
 .debug_macro   0x00000000       0xca D:\miescritorio\aplicaciones y juegos\pdisc\pdiscDabul\lpc_chip_175x_6x\Debug\liblpc_chip_175x_6x.a(iocon_17xx_40xx.o)
 .debug_macro   0x00000000       0x18 D:\miescritorio\aplicaciones y juegos\pdisc\pdiscDabul\lpc_chip_175x_6x\Debug\liblpc_chip_175x_6x.a(iocon_17xx_40xx.o)
 .group         0x00000000        0x8 D:\miescritorio\aplicaciones y juegos\pdisc\pdiscDabul\lpc_chip_175x_6x\Debug\liblpc_chip_175x_6x.a(sysinit_17xx_40xx.o)
 .group         0x00000000        0x8 D:\miescritorio\aplicaciones y juegos\pdisc\pdiscDabul\lpc_chip_175x_6x\Debug\liblpc_chip_175x_6x.a(sysinit_17xx_40xx.o)
 .group         0x00000000        0x8 D:\miescritorio\aplicaciones y juegos\pdisc\pdiscDabul\lpc_chip_175x_6x\Debug\liblpc_chip_175x_6x.a(sysinit_17xx_40xx.o)
 .group         0x00000000        0x8 D:\miescritorio\aplicaciones y juegos\pdisc\pdiscDabul\lpc_chip_175x_6x\Debug\liblpc_chip_175x_6x.a(sysinit_17xx_40xx.o)
 .group         0x00000000        0x8 D:\miescritorio\aplicaciones y juegos\pdisc\pdiscDabul\lpc_chip_175x_6x\Debug\liblpc_chip_175x_6x.a(sysinit_17xx_40xx.o)
 .group         0x00000000        0x8 D:\miescritorio\aplicaciones y juegos\pdisc\pdiscDabul\lpc_chip_175x_6x\Debug\liblpc_chip_175x_6x.a(sysinit_17xx_40xx.o)
 .group         0x00000000        0x8 D:\miescritorio\aplicaciones y juegos\pdisc\pdiscDabul\lpc_chip_175x_6x\Debug\liblpc_chip_175x_6x.a(sysinit_17xx_40xx.o)
 .group         0x00000000        0x8 D:\miescritorio\aplicaciones y juegos\pdisc\pdiscDabul\lpc_chip_175x_6x\Debug\liblpc_chip_175x_6x.a(sysinit_17xx_40xx.o)
 .group         0x00000000        0x8 D:\miescritorio\aplicaciones y juegos\pdisc\pdiscDabul\lpc_chip_175x_6x\Debug\liblpc_chip_175x_6x.a(sysinit_17xx_40xx.o)
 .group         0x00000000        0x8 D:\miescritorio\aplicaciones y juegos\pdisc\pdiscDabul\lpc_chip_175x_6x\Debug\liblpc_chip_175x_6x.a(sysinit_17xx_40xx.o)
 .group         0x00000000        0x8 D:\miescritorio\aplicaciones y juegos\pdisc\pdiscDabul\lpc_chip_175x_6x\Debug\liblpc_chip_175x_6x.a(sysinit_17xx_40xx.o)
 .group         0x00000000        0x8 D:\miescritorio\aplicaciones y juegos\pdisc\pdiscDabul\lpc_chip_175x_6x\Debug\liblpc_chip_175x_6x.a(sysinit_17xx_40xx.o)
 .group         0x00000000        0x8 D:\miescritorio\aplicaciones y juegos\pdisc\pdiscDabul\lpc_chip_175x_6x\Debug\liblpc_chip_175x_6x.a(sysinit_17xx_40xx.o)
 .group         0x00000000        0x8 D:\miescritorio\aplicaciones y juegos\pdisc\pdiscDabul\lpc_chip_175x_6x\Debug\liblpc_chip_175x_6x.a(sysinit_17xx_40xx.o)
 .group         0x00000000        0x8 D:\miescritorio\aplicaciones y juegos\pdisc\pdiscDabul\lpc_chip_175x_6x\Debug\liblpc_chip_175x_6x.a(sysinit_17xx_40xx.o)
 .group         0x00000000        0x8 D:\miescritorio\aplicaciones y juegos\pdisc\pdiscDabul\lpc_chip_175x_6x\Debug\liblpc_chip_175x_6x.a(sysinit_17xx_40xx.o)
 .group         0x00000000        0x8 D:\miescritorio\aplicaciones y juegos\pdisc\pdiscDabul\lpc_chip_175x_6x\Debug\liblpc_chip_175x_6x.a(sysinit_17xx_40xx.o)
 .group         0x00000000        0x8 D:\miescritorio\aplicaciones y juegos\pdisc\pdiscDabul\lpc_chip_175x_6x\Debug\liblpc_chip_175x_6x.a(sysinit_17xx_40xx.o)
 .group         0x00000000        0x8 D:\miescritorio\aplicaciones y juegos\pdisc\pdiscDabul\lpc_chip_175x_6x\Debug\liblpc_chip_175x_6x.a(sysinit_17xx_40xx.o)
 .group         0x00000000        0x8 D:\miescritorio\aplicaciones y juegos\pdisc\pdiscDabul\lpc_chip_175x_6x\Debug\liblpc_chip_175x_6x.a(sysinit_17xx_40xx.o)
 .group         0x00000000        0x8 D:\miescritorio\aplicaciones y juegos\pdisc\pdiscDabul\lpc_chip_175x_6x\Debug\liblpc_chip_175x_6x.a(sysinit_17xx_40xx.o)
 .group         0x00000000        0x8 D:\miescritorio\aplicaciones y juegos\pdisc\pdiscDabul\lpc_chip_175x_6x\Debug\liblpc_chip_175x_6x.a(sysinit_17xx_40xx.o)
 .group         0x00000000        0x8 D:\miescritorio\aplicaciones y juegos\pdisc\pdiscDabul\lpc_chip_175x_6x\Debug\liblpc_chip_175x_6x.a(sysinit_17xx_40xx.o)
 .group         0x00000000        0x8 D:\miescritorio\aplicaciones y juegos\pdisc\pdiscDabul\lpc_chip_175x_6x\Debug\liblpc_chip_175x_6x.a(sysinit_17xx_40xx.o)
 .group         0x00000000        0x8 D:\miescritorio\aplicaciones y juegos\pdisc\pdiscDabul\lpc_chip_175x_6x\Debug\liblpc_chip_175x_6x.a(sysinit_17xx_40xx.o)
 .group         0x00000000        0x8 D:\miescritorio\aplicaciones y juegos\pdisc\pdiscDabul\lpc_chip_175x_6x\Debug\liblpc_chip_175x_6x.a(sysinit_17xx_40xx.o)
 .group         0x00000000        0x8 D:\miescritorio\aplicaciones y juegos\pdisc\pdiscDabul\lpc_chip_175x_6x\Debug\liblpc_chip_175x_6x.a(sysinit_17xx_40xx.o)
 .group         0x00000000        0x8 D:\miescritorio\aplicaciones y juegos\pdisc\pdiscDabul\lpc_chip_175x_6x\Debug\liblpc_chip_175x_6x.a(sysinit_17xx_40xx.o)
 .group         0x00000000        0x8 D:\miescritorio\aplicaciones y juegos\pdisc\pdiscDabul\lpc_chip_175x_6x\Debug\liblpc_chip_175x_6x.a(sysinit_17xx_40xx.o)
 .group         0x00000000        0x8 D:\miescritorio\aplicaciones y juegos\pdisc\pdiscDabul\lpc_chip_175x_6x\Debug\liblpc_chip_175x_6x.a(sysinit_17xx_40xx.o)
 .group         0x00000000        0x8 D:\miescritorio\aplicaciones y juegos\pdisc\pdiscDabul\lpc_chip_175x_6x\Debug\liblpc_chip_175x_6x.a(sysinit_17xx_40xx.o)
 .group         0x00000000        0x8 D:\miescritorio\aplicaciones y juegos\pdisc\pdiscDabul\lpc_chip_175x_6x\Debug\liblpc_chip_175x_6x.a(sysinit_17xx_40xx.o)
 .group         0x00000000        0x8 D:\miescritorio\aplicaciones y juegos\pdisc\pdiscDabul\lpc_chip_175x_6x\Debug\liblpc_chip_175x_6x.a(sysinit_17xx_40xx.o)
 .group         0x00000000        0x8 D:\miescritorio\aplicaciones y juegos\pdisc\pdiscDabul\lpc_chip_175x_6x\Debug\liblpc_chip_175x_6x.a(sysinit_17xx_40xx.o)
 .group         0x00000000        0x8 D:\miescritorio\aplicaciones y juegos\pdisc\pdiscDabul\lpc_chip_175x_6x\Debug\liblpc_chip_175x_6x.a(sysinit_17xx_40xx.o)
 .text          0x00000000        0x0 D:\miescritorio\aplicaciones y juegos\pdisc\pdiscDabul\lpc_chip_175x_6x\Debug\liblpc_chip_175x_6x.a(sysinit_17xx_40xx.o)
 .data          0x00000000        0x0 D:\miescritorio\aplicaciones y juegos\pdisc\pdiscDabul\lpc_chip_175x_6x\Debug\liblpc_chip_175x_6x.a(sysinit_17xx_40xx.o)
 .bss           0x00000000        0x0 D:\miescritorio\aplicaciones y juegos\pdisc\pdiscDabul\lpc_chip_175x_6x\Debug\liblpc_chip_175x_6x.a(sysinit_17xx_40xx.o)
 .text.Chip_Clock_EnableCrystal
                0x00000000       0x20 D:\miescritorio\aplicaciones y juegos\pdisc\pdiscDabul\lpc_chip_175x_6x\Debug\liblpc_chip_175x_6x.a(sysinit_17xx_40xx.o)
 .text.Chip_Clock_IsCrystalEnabled
                0x00000000       0x24 D:\miescritorio\aplicaciones y juegos\pdisc\pdiscDabul\lpc_chip_175x_6x\Debug\liblpc_chip_175x_6x.a(sysinit_17xx_40xx.o)
 .text.Chip_SetupXtalClocking
                0x00000000       0x90 D:\miescritorio\aplicaciones y juegos\pdisc\pdiscDabul\lpc_chip_175x_6x\Debug\liblpc_chip_175x_6x.a(sysinit_17xx_40xx.o)
 .debug_macro   0x00000000      0x886 D:\miescritorio\aplicaciones y juegos\pdisc\pdiscDabul\lpc_chip_175x_6x\Debug\liblpc_chip_175x_6x.a(sysinit_17xx_40xx.o)
 .debug_macro   0x00000000       0x10 D:\miescritorio\aplicaciones y juegos\pdisc\pdiscDabul\lpc_chip_175x_6x\Debug\liblpc_chip_175x_6x.a(sysinit_17xx_40xx.o)
 .debug_macro   0x00000000      0x12d D:\miescritorio\aplicaciones y juegos\pdisc\pdiscDabul\lpc_chip_175x_6x\Debug\liblpc_chip_175x_6x.a(sysinit_17xx_40xx.o)
 .debug_macro   0x00000000      0x5b2 D:\miescritorio\aplicaciones y juegos\pdisc\pdiscDabul\lpc_chip_175x_6x\Debug\liblpc_chip_175x_6x.a(sysinit_17xx_40xx.o)
 .debug_macro   0x00000000       0x22 D:\miescritorio\aplicaciones y juegos\pdisc\pdiscDabul\lpc_chip_175x_6x\Debug\liblpc_chip_175x_6x.a(sysinit_17xx_40xx.o)
 .debug_macro   0x00000000       0x7b D:\miescritorio\aplicaciones y juegos\pdisc\pdiscDabul\lpc_chip_175x_6x\Debug\liblpc_chip_175x_6x.a(sysinit_17xx_40xx.o)
 .debug_macro   0x00000000       0x10 D:\miescritorio\aplicaciones y juegos\pdisc\pdiscDabul\lpc_chip_175x_6x\Debug\liblpc_chip_175x_6x.a(sysinit_17xx_40xx.o)
 .debug_macro   0x00000000       0x2d D:\miescritorio\aplicaciones y juegos\pdisc\pdiscDabul\lpc_chip_175x_6x\Debug\liblpc_chip_175x_6x.a(sysinit_17xx_40xx.o)
 .debug_macro   0x00000000       0x3a D:\miescritorio\aplicaciones y juegos\pdisc\pdiscDabul\lpc_chip_175x_6x\Debug\liblpc_chip_175x_6x.a(sysinit_17xx_40xx.o)
 .debug_macro   0x00000000       0x2d D:\miescritorio\aplicaciones y juegos\pdisc\pdiscDabul\lpc_chip_175x_6x\Debug\liblpc_chip_175x_6x.a(sysinit_17xx_40xx.o)
 .debug_macro   0x00000000      0xbb1 D:\miescritorio\aplicaciones y juegos\pdisc\pdiscDabul\lpc_chip_175x_6x\Debug\liblpc_chip_175x_6x.a(sysinit_17xx_40xx.o)
 .debug_macro   0x00000000      0x22c D:\miescritorio\aplicaciones y juegos\pdisc\pdiscDabul\lpc_chip_175x_6x\Debug\liblpc_chip_175x_6x.a(sysinit_17xx_40xx.o)
 .debug_macro   0x00000000       0x42 D:\miescritorio\aplicaciones y juegos\pdisc\pdiscDabul\lpc_chip_175x_6x\Debug\liblpc_chip_175x_6x.a(sysinit_17xx_40xx.o)
 .debug_macro   0x00000000       0x52 D:\miescritorio\aplicaciones y juegos\pdisc\pdiscDabul\lpc_chip_175x_6x\Debug\liblpc_chip_175x_6x.a(sysinit_17xx_40xx.o)
 .debug_macro   0x00000000       0x78 D:\miescritorio\aplicaciones y juegos\pdisc\pdiscDabul\lpc_chip_175x_6x\Debug\liblpc_chip_175x_6x.a(sysinit_17xx_40xx.o)
 .debug_macro   0x00000000       0x82 D:\miescritorio\aplicaciones y juegos\pdisc\pdiscDabul\lpc_chip_175x_6x\Debug\liblpc_chip_175x_6x.a(sysinit_17xx_40xx.o)
 .debug_macro   0x00000000      0x48c D:\miescritorio\aplicaciones y juegos\pdisc\pdiscDabul\lpc_chip_175x_6x\Debug\liblpc_chip_175x_6x.a(sysinit_17xx_40xx.o)
 .debug_macro   0x00000000       0x34 D:\miescritorio\aplicaciones y juegos\pdisc\pdiscDabul\lpc_chip_175x_6x\Debug\liblpc_chip_175x_6x.a(sysinit_17xx_40xx.o)
 .debug_macro   0x00000000      0x4c5 D:\miescritorio\aplicaciones y juegos\pdisc\pdiscDabul\lpc_chip_175x_6x\Debug\liblpc_chip_175x_6x.a(sysinit_17xx_40xx.o)
 .debug_macro   0x00000000      0x1b7 D:\miescritorio\aplicaciones y juegos\pdisc\pdiscDabul\lpc_chip_175x_6x\Debug\liblpc_chip_175x_6x.a(sysinit_17xx_40xx.o)
 .debug_macro   0x00000000       0x10 D:\miescritorio\aplicaciones y juegos\pdisc\pdiscDabul\lpc_chip_175x_6x\Debug\liblpc_chip_175x_6x.a(sysinit_17xx_40xx.o)
 .debug_macro   0x00000000      0x21b D:\miescritorio\aplicaciones y juegos\pdisc\pdiscDabul\lpc_chip_175x_6x\Debug\liblpc_chip_175x_6x.a(sysinit_17xx_40xx.o)
 .debug_macro   0x00000000      0x1b9 D:\miescritorio\aplicaciones y juegos\pdisc\pdiscDabul\lpc_chip_175x_6x\Debug\liblpc_chip_175x_6x.a(sysinit_17xx_40xx.o)
 .debug_macro   0x00000000       0x40 D:\miescritorio\aplicaciones y juegos\pdisc\pdiscDabul\lpc_chip_175x_6x\Debug\liblpc_chip_175x_6x.a(sysinit_17xx_40xx.o)
 .debug_macro   0x00000000       0x22 D:\miescritorio\aplicaciones y juegos\pdisc\pdiscDabul\lpc_chip_175x_6x\Debug\liblpc_chip_175x_6x.a(sysinit_17xx_40xx.o)
 .debug_macro   0x00000000      0x162 D:\miescritorio\aplicaciones y juegos\pdisc\pdiscDabul\lpc_chip_175x_6x\Debug\liblpc_chip_175x_6x.a(sysinit_17xx_40xx.o)
 .debug_macro   0x00000000       0x94 D:\miescritorio\aplicaciones y juegos\pdisc\pdiscDabul\lpc_chip_175x_6x\Debug\liblpc_chip_175x_6x.a(sysinit_17xx_40xx.o)
 .debug_macro   0x00000000       0xb8 D:\miescritorio\aplicaciones y juegos\pdisc\pdiscDabul\lpc_chip_175x_6x\Debug\liblpc_chip_175x_6x.a(sysinit_17xx_40xx.o)
 .debug_macro   0x00000000       0x4c D:\miescritorio\aplicaciones y juegos\pdisc\pdiscDabul\lpc_chip_175x_6x\Debug\liblpc_chip_175x_6x.a(sysinit_17xx_40xx.o)
 .debug_macro   0x00000000       0x16 D:\miescritorio\aplicaciones y juegos\pdisc\pdiscDabul\lpc_chip_175x_6x\Debug\liblpc_chip_175x_6x.a(sysinit_17xx_40xx.o)
 .debug_macro   0x00000000      0x328 D:\miescritorio\aplicaciones y juegos\pdisc\pdiscDabul\lpc_chip_175x_6x\Debug\liblpc_chip_175x_6x.a(sysinit_17xx_40xx.o)
 .debug_macro   0x00000000       0x49 D:\miescritorio\aplicaciones y juegos\pdisc\pdiscDabul\lpc_chip_175x_6x\Debug\liblpc_chip_175x_6x.a(sysinit_17xx_40xx.o)
 .debug_macro   0x00000000       0x16 D:\miescritorio\aplicaciones y juegos\pdisc\pdiscDabul\lpc_chip_175x_6x\Debug\liblpc_chip_175x_6x.a(sysinit_17xx_40xx.o)
 .debug_macro   0x00000000       0xca D:\miescritorio\aplicaciones y juegos\pdisc\pdiscDabul\lpc_chip_175x_6x\Debug\liblpc_chip_175x_6x.a(sysinit_17xx_40xx.o)
 .debug_macro   0x00000000       0x18 D:\miescritorio\aplicaciones y juegos\pdisc\pdiscDabul\lpc_chip_175x_6x\Debug\liblpc_chip_175x_6x.a(sysinit_17xx_40xx.o)
 .group         0x00000000        0x8 D:\miescritorio\aplicaciones y juegos\pdisc\pdiscDabul\lpc_chip_175x_6x\Debug\liblpc_chip_175x_6x.a(clock_17xx_40xx.o)
 .group         0x00000000        0x8 D:\miescritorio\aplicaciones y juegos\pdisc\pdiscDabul\lpc_chip_175x_6x\Debug\liblpc_chip_175x_6x.a(clock_17xx_40xx.o)
 .group         0x00000000        0x8 D:\miescritorio\aplicaciones y juegos\pdisc\pdiscDabul\lpc_chip_175x_6x\Debug\liblpc_chip_175x_6x.a(clock_17xx_40xx.o)
 .group         0x00000000        0x8 D:\miescritorio\aplicaciones y juegos\pdisc\pdiscDabul\lpc_chip_175x_6x\Debug\liblpc_chip_175x_6x.a(clock_17xx_40xx.o)
 .group         0x00000000        0x8 D:\miescritorio\aplicaciones y juegos\pdisc\pdiscDabul\lpc_chip_175x_6x\Debug\liblpc_chip_175x_6x.a(clock_17xx_40xx.o)
 .group         0x00000000        0x8 D:\miescritorio\aplicaciones y juegos\pdisc\pdiscDabul\lpc_chip_175x_6x\Debug\liblpc_chip_175x_6x.a(clock_17xx_40xx.o)
 .group         0x00000000        0x8 D:\miescritorio\aplicaciones y juegos\pdisc\pdiscDabul\lpc_chip_175x_6x\Debug\liblpc_chip_175x_6x.a(clock_17xx_40xx.o)
 .group         0x00000000        0x8 D:\miescritorio\aplicaciones y juegos\pdisc\pdiscDabul\lpc_chip_175x_6x\Debug\liblpc_chip_175x_6x.a(clock_17xx_40xx.o)
 .group         0x00000000        0x8 D:\miescritorio\aplicaciones y juegos\pdisc\pdiscDabul\lpc_chip_175x_6x\Debug\liblpc_chip_175x_6x.a(clock_17xx_40xx.o)
 .group         0x00000000        0x8 D:\miescritorio\aplicaciones y juegos\pdisc\pdiscDabul\lpc_chip_175x_6x\Debug\liblpc_chip_175x_6x.a(clock_17xx_40xx.o)
 .group         0x00000000        0x8 D:\miescritorio\aplicaciones y juegos\pdisc\pdiscDabul\lpc_chip_175x_6x\Debug\liblpc_chip_175x_6x.a(clock_17xx_40xx.o)
 .group         0x00000000        0x8 D:\miescritorio\aplicaciones y juegos\pdisc\pdiscDabul\lpc_chip_175x_6x\Debug\liblpc_chip_175x_6x.a(clock_17xx_40xx.o)
 .group         0x00000000        0x8 D:\miescritorio\aplicaciones y juegos\pdisc\pdiscDabul\lpc_chip_175x_6x\Debug\liblpc_chip_175x_6x.a(clock_17xx_40xx.o)
 .group         0x00000000        0x8 D:\miescritorio\aplicaciones y juegos\pdisc\pdiscDabul\lpc_chip_175x_6x\Debug\liblpc_chip_175x_6x.a(clock_17xx_40xx.o)
 .group         0x00000000        0x8 D:\miescritorio\aplicaciones y juegos\pdisc\pdiscDabul\lpc_chip_175x_6x\Debug\liblpc_chip_175x_6x.a(clock_17xx_40xx.o)
 .group         0x00000000        0x8 D:\miescritorio\aplicaciones y juegos\pdisc\pdiscDabul\lpc_chip_175x_6x\Debug\liblpc_chip_175x_6x.a(clock_17xx_40xx.o)
 .group         0x00000000        0x8 D:\miescritorio\aplicaciones y juegos\pdisc\pdiscDabul\lpc_chip_175x_6x\Debug\liblpc_chip_175x_6x.a(clock_17xx_40xx.o)
 .group         0x00000000        0x8 D:\miescritorio\aplicaciones y juegos\pdisc\pdiscDabul\lpc_chip_175x_6x\Debug\liblpc_chip_175x_6x.a(clock_17xx_40xx.o)
 .group         0x00000000        0x8 D:\miescritorio\aplicaciones y juegos\pdisc\pdiscDabul\lpc_chip_175x_6x\Debug\liblpc_chip_175x_6x.a(clock_17xx_40xx.o)
 .group         0x00000000        0x8 D:\miescritorio\aplicaciones y juegos\pdisc\pdiscDabul\lpc_chip_175x_6x\Debug\liblpc_chip_175x_6x.a(clock_17xx_40xx.o)
 .group         0x00000000        0x8 D:\miescritorio\aplicaciones y juegos\pdisc\pdiscDabul\lpc_chip_175x_6x\Debug\liblpc_chip_175x_6x.a(clock_17xx_40xx.o)
 .group         0x00000000        0x8 D:\miescritorio\aplicaciones y juegos\pdisc\pdiscDabul\lpc_chip_175x_6x\Debug\liblpc_chip_175x_6x.a(clock_17xx_40xx.o)
 .group         0x00000000        0x8 D:\miescritorio\aplicaciones y juegos\pdisc\pdiscDabul\lpc_chip_175x_6x\Debug\liblpc_chip_175x_6x.a(clock_17xx_40xx.o)
 .group         0x00000000        0x8 D:\miescritorio\aplicaciones y juegos\pdisc\pdiscDabul\lpc_chip_175x_6x\Debug\liblpc_chip_175x_6x.a(clock_17xx_40xx.o)
 .group         0x00000000        0x8 D:\miescritorio\aplicaciones y juegos\pdisc\pdiscDabul\lpc_chip_175x_6x\Debug\liblpc_chip_175x_6x.a(clock_17xx_40xx.o)
 .group         0x00000000        0x8 D:\miescritorio\aplicaciones y juegos\pdisc\pdiscDabul\lpc_chip_175x_6x\Debug\liblpc_chip_175x_6x.a(clock_17xx_40xx.o)
 .group         0x00000000        0x8 D:\miescritorio\aplicaciones y juegos\pdisc\pdiscDabul\lpc_chip_175x_6x\Debug\liblpc_chip_175x_6x.a(clock_17xx_40xx.o)
 .group         0x00000000        0x8 D:\miescritorio\aplicaciones y juegos\pdisc\pdiscDabul\lpc_chip_175x_6x\Debug\liblpc_chip_175x_6x.a(clock_17xx_40xx.o)
 .group         0x00000000        0x8 D:\miescritorio\aplicaciones y juegos\pdisc\pdiscDabul\lpc_chip_175x_6x\Debug\liblpc_chip_175x_6x.a(clock_17xx_40xx.o)
 .group         0x00000000        0x8 D:\miescritorio\aplicaciones y juegos\pdisc\pdiscDabul\lpc_chip_175x_6x\Debug\liblpc_chip_175x_6x.a(clock_17xx_40xx.o)
 .group         0x00000000        0x8 D:\miescritorio\aplicaciones y juegos\pdisc\pdiscDabul\lpc_chip_175x_6x\Debug\liblpc_chip_175x_6x.a(clock_17xx_40xx.o)
 .group         0x00000000        0x8 D:\miescritorio\aplicaciones y juegos\pdisc\pdiscDabul\lpc_chip_175x_6x\Debug\liblpc_chip_175x_6x.a(clock_17xx_40xx.o)
 .group         0x00000000        0x8 D:\miescritorio\aplicaciones y juegos\pdisc\pdiscDabul\lpc_chip_175x_6x\Debug\liblpc_chip_175x_6x.a(clock_17xx_40xx.o)
 .group         0x00000000        0x8 D:\miescritorio\aplicaciones y juegos\pdisc\pdiscDabul\lpc_chip_175x_6x\Debug\liblpc_chip_175x_6x.a(clock_17xx_40xx.o)
 .group         0x00000000        0x8 D:\miescritorio\aplicaciones y juegos\pdisc\pdiscDabul\lpc_chip_175x_6x\Debug\liblpc_chip_175x_6x.a(clock_17xx_40xx.o)
 .text          0x00000000        0x0 D:\miescritorio\aplicaciones y juegos\pdisc\pdiscDabul\lpc_chip_175x_6x\Debug\liblpc_chip_175x_6x.a(clock_17xx_40xx.o)
 .data          0x00000000        0x0 D:\miescritorio\aplicaciones y juegos\pdisc\pdiscDabul\lpc_chip_175x_6x\Debug\liblpc_chip_175x_6x.a(clock_17xx_40xx.o)
 .bss           0x00000000        0x0 D:\miescritorio\aplicaciones y juegos\pdisc\pdiscDabul\lpc_chip_175x_6x\Debug\liblpc_chip_175x_6x.a(clock_17xx_40xx.o)
 .text.Chip_Clock_IsMainPLLEnabled
                0x00000000       0x24 D:\miescritorio\aplicaciones y juegos\pdisc\pdiscDabul\lpc_chip_175x_6x\Debug\liblpc_chip_175x_6x.a(clock_17xx_40xx.o)
 .text.Chip_Clock_IsUSBPLLEnabled
                0x00000000       0x24 D:\miescritorio\aplicaciones y juegos\pdisc\pdiscDabul\lpc_chip_175x_6x\Debug\liblpc_chip_175x_6x.a(clock_17xx_40xx.o)
 .text.Chip_Clock_IsMainPLLConnected
                0x00000000       0x24 D:\miescritorio\aplicaciones y juegos\pdisc\pdiscDabul\lpc_chip_175x_6x\Debug\liblpc_chip_175x_6x.a(clock_17xx_40xx.o)
 .text.Chip_Clock_IsUSBPLLConnected
                0x00000000       0x24 D:\miescritorio\aplicaciones y juegos\pdisc\pdiscDabul\lpc_chip_175x_6x\Debug\liblpc_chip_175x_6x.a(clock_17xx_40xx.o)
 .text.Chip_Clock_GetMainPLLSource
                0x00000000       0x20 D:\miescritorio\aplicaciones y juegos\pdisc\pdiscDabul\lpc_chip_175x_6x\Debug\liblpc_chip_175x_6x.a(clock_17xx_40xx.o)
 .text.Chip_Clock_GetMainOscRate
                0x00000000       0x14 D:\miescritorio\aplicaciones y juegos\pdisc\pdiscDabul\lpc_chip_175x_6x\Debug\liblpc_chip_175x_6x.a(clock_17xx_40xx.o)
 .text.Chip_Clock_GetIntOscRate
                0x00000000       0x14 D:\miescritorio\aplicaciones y juegos\pdisc\pdiscDabul\lpc_chip_175x_6x\Debug\liblpc_chip_175x_6x.a(clock_17xx_40xx.o)
 .text.Chip_Clock_GetRTCOscRate
                0x00000000       0x14 D:\miescritorio\aplicaciones y juegos\pdisc\pdiscDabul\lpc_chip_175x_6x\Debug\liblpc_chip_175x_6x.a(clock_17xx_40xx.o)
 .text.Chip_Clock_GetMainPLLInClockRate
                0x00000000       0x10 D:\miescritorio\aplicaciones y juegos\pdisc\pdiscDabul\lpc_chip_175x_6x\Debug\liblpc_chip_175x_6x.a(clock_17xx_40xx.o)
 .text.Chip_Clock_GetUSBPLLInClockRate
                0x00000000       0x10 D:\miescritorio\aplicaciones y juegos\pdisc\pdiscDabul\lpc_chip_175x_6x\Debug\liblpc_chip_175x_6x.a(clock_17xx_40xx.o)
 .text.Chip_Clock_EnablePeriphClock
                0x00000000       0x34 D:\miescritorio\aplicaciones y juegos\pdisc\pdiscDabul\lpc_chip_175x_6x\Debug\liblpc_chip_175x_6x.a(clock_17xx_40xx.o)
 .text.Chip_Clock_DisablePeriphClock
                0x00000000       0x34 D:\miescritorio\aplicaciones y juegos\pdisc\pdiscDabul\lpc_chip_175x_6x\Debug\liblpc_chip_175x_6x.a(clock_17xx_40xx.o)
 .text.Chip_Clock_IsPeripheralClockEnabled
                0x00000000       0x3c D:\miescritorio\aplicaciones y juegos\pdisc\pdiscDabul\lpc_chip_175x_6x\Debug\liblpc_chip_175x_6x.a(clock_17xx_40xx.o)
 .text.Chip_Clock_SetCPUClockSource
                0x00000000       0x2c D:\miescritorio\aplicaciones y juegos\pdisc\pdiscDabul\lpc_chip_175x_6x\Debug\liblpc_chip_175x_6x.a(clock_17xx_40xx.o)
 .text.Chip_Clock_GetCPUClockSource
                0x00000000       0x24 D:\miescritorio\aplicaciones y juegos\pdisc\pdiscDabul\lpc_chip_175x_6x\Debug\liblpc_chip_175x_6x.a(clock_17xx_40xx.o)
 .text.Chip_Clock_GetCPUClockDiv
                0x00000000       0x1c D:\miescritorio\aplicaciones y juegos\pdisc\pdiscDabul\lpc_chip_175x_6x\Debug\liblpc_chip_175x_6x.a(clock_17xx_40xx.o)
 .text.Chip_Clock_SetUSBClockDiv
                0x00000000       0x30 D:\miescritorio\aplicaciones y juegos\pdisc\pdiscDabul\lpc_chip_175x_6x\Debug\liblpc_chip_175x_6x.a(clock_17xx_40xx.o)
 .text.Chip_Clock_GetUSBClockDiv
                0x00000000       0x1c D:\miescritorio\aplicaciones y juegos\pdisc\pdiscDabul\lpc_chip_175x_6x\Debug\liblpc_chip_175x_6x.a(clock_17xx_40xx.o)
 .text.Chip_Clock_SetPCLKDiv
                0x00000000       0x64 D:\miescritorio\aplicaciones y juegos\pdisc\pdiscDabul\lpc_chip_175x_6x\Debug\liblpc_chip_175x_6x.a(clock_17xx_40xx.o)
 .text.Chip_Clock_GetPCLKDiv
                0x00000000       0x8c D:\miescritorio\aplicaciones y juegos\pdisc\pdiscDabul\lpc_chip_175x_6x\Debug\liblpc_chip_175x_6x.a(clock_17xx_40xx.o)
 .text.Chip_Clock_SetCLKOUTSource
                0x00000000       0x44 D:\miescritorio\aplicaciones y juegos\pdisc\pdiscDabul\lpc_chip_175x_6x\Debug\liblpc_chip_175x_6x.a(clock_17xx_40xx.o)
 .text.Chip_Clock_GetSYSCLKRate
                0x00000000       0x34 D:\miescritorio\aplicaciones y juegos\pdisc\pdiscDabul\lpc_chip_175x_6x\Debug\liblpc_chip_175x_6x.a(clock_17xx_40xx.o)
 .text.Chip_Clock_GetMainPLLOutClockRate
                0x00000000       0x54 D:\miescritorio\aplicaciones y juegos\pdisc\pdiscDabul\lpc_chip_175x_6x\Debug\liblpc_chip_175x_6x.a(clock_17xx_40xx.o)
 .text.Chip_Clock_GetUSBPLLOutClockRate
                0x00000000       0x40 D:\miescritorio\aplicaciones y juegos\pdisc\pdiscDabul\lpc_chip_175x_6x\Debug\liblpc_chip_175x_6x.a(clock_17xx_40xx.o)
 .text.Chip_Clock_GetMainClockRate
                0x00000000       0x28 D:\miescritorio\aplicaciones y juegos\pdisc\pdiscDabul\lpc_chip_175x_6x\Debug\liblpc_chip_175x_6x.a(clock_17xx_40xx.o)
 .text.Chip_Clock_GetSystemClockRate
                0x00000000       0x18 D:\miescritorio\aplicaciones y juegos\pdisc\pdiscDabul\lpc_chip_175x_6x\Debug\liblpc_chip_175x_6x.a(clock_17xx_40xx.o)
 .text.Chip_Clock_GetUSBClockRate
                0x00000000       0x38 D:\miescritorio\aplicaciones y juegos\pdisc\pdiscDabul\lpc_chip_175x_6x\Debug\liblpc_chip_175x_6x.a(clock_17xx_40xx.o)
 .text.Chip_Clock_GetPeripheralClockRate
                0x00000000       0x28 D:\miescritorio\aplicaciones y juegos\pdisc\pdiscDabul\lpc_chip_175x_6x\Debug\liblpc_chip_175x_6x.a(clock_17xx_40xx.o)
 .debug_macro   0x00000000      0x886 D:\miescritorio\aplicaciones y juegos\pdisc\pdiscDabul\lpc_chip_175x_6x\Debug\liblpc_chip_175x_6x.a(clock_17xx_40xx.o)
 .debug_macro   0x00000000       0x10 D:\miescritorio\aplicaciones y juegos\pdisc\pdiscDabul\lpc_chip_175x_6x\Debug\liblpc_chip_175x_6x.a(clock_17xx_40xx.o)
 .debug_macro   0x00000000      0x12d D:\miescritorio\aplicaciones y juegos\pdisc\pdiscDabul\lpc_chip_175x_6x\Debug\liblpc_chip_175x_6x.a(clock_17xx_40xx.o)
 .debug_macro   0x00000000      0x5b2 D:\miescritorio\aplicaciones y juegos\pdisc\pdiscDabul\lpc_chip_175x_6x\Debug\liblpc_chip_175x_6x.a(clock_17xx_40xx.o)
 .debug_macro   0x00000000       0x22 D:\miescritorio\aplicaciones y juegos\pdisc\pdiscDabul\lpc_chip_175x_6x\Debug\liblpc_chip_175x_6x.a(clock_17xx_40xx.o)
 .debug_macro   0x00000000       0x7b D:\miescritorio\aplicaciones y juegos\pdisc\pdiscDabul\lpc_chip_175x_6x\Debug\liblpc_chip_175x_6x.a(clock_17xx_40xx.o)
 .debug_macro   0x00000000       0x10 D:\miescritorio\aplicaciones y juegos\pdisc\pdiscDabul\lpc_chip_175x_6x\Debug\liblpc_chip_175x_6x.a(clock_17xx_40xx.o)
 .debug_macro   0x00000000       0x2d D:\miescritorio\aplicaciones y juegos\pdisc\pdiscDabul\lpc_chip_175x_6x\Debug\liblpc_chip_175x_6x.a(clock_17xx_40xx.o)
 .debug_macro   0x00000000       0x3a D:\miescritorio\aplicaciones y juegos\pdisc\pdiscDabul\lpc_chip_175x_6x\Debug\liblpc_chip_175x_6x.a(clock_17xx_40xx.o)
 .debug_macro   0x00000000       0x2d D:\miescritorio\aplicaciones y juegos\pdisc\pdiscDabul\lpc_chip_175x_6x\Debug\liblpc_chip_175x_6x.a(clock_17xx_40xx.o)
 .debug_macro   0x00000000      0xbb1 D:\miescritorio\aplicaciones y juegos\pdisc\pdiscDabul\lpc_chip_175x_6x\Debug\liblpc_chip_175x_6x.a(clock_17xx_40xx.o)
 .debug_macro   0x00000000      0x22c D:\miescritorio\aplicaciones y juegos\pdisc\pdiscDabul\lpc_chip_175x_6x\Debug\liblpc_chip_175x_6x.a(clock_17xx_40xx.o)
 .debug_macro   0x00000000       0x42 D:\miescritorio\aplicaciones y juegos\pdisc\pdiscDabul\lpc_chip_175x_6x\Debug\liblpc_chip_175x_6x.a(clock_17xx_40xx.o)
 .debug_macro   0x00000000       0x52 D:\miescritorio\aplicaciones y juegos\pdisc\pdiscDabul\lpc_chip_175x_6x\Debug\liblpc_chip_175x_6x.a(clock_17xx_40xx.o)
 .debug_macro   0x00000000       0x78 D:\miescritorio\aplicaciones y juegos\pdisc\pdiscDabul\lpc_chip_175x_6x\Debug\liblpc_chip_175x_6x.a(clock_17xx_40xx.o)
 .debug_macro   0x00000000       0x82 D:\miescritorio\aplicaciones y juegos\pdisc\pdiscDabul\lpc_chip_175x_6x\Debug\liblpc_chip_175x_6x.a(clock_17xx_40xx.o)
 .debug_macro   0x00000000      0x48c D:\miescritorio\aplicaciones y juegos\pdisc\pdiscDabul\lpc_chip_175x_6x\Debug\liblpc_chip_175x_6x.a(clock_17xx_40xx.o)
 .debug_macro   0x00000000       0x34 D:\miescritorio\aplicaciones y juegos\pdisc\pdiscDabul\lpc_chip_175x_6x\Debug\liblpc_chip_175x_6x.a(clock_17xx_40xx.o)
 .debug_macro   0x00000000      0x4c5 D:\miescritorio\aplicaciones y juegos\pdisc\pdiscDabul\lpc_chip_175x_6x\Debug\liblpc_chip_175x_6x.a(clock_17xx_40xx.o)
 .debug_macro   0x00000000      0x1b7 D:\miescritorio\aplicaciones y juegos\pdisc\pdiscDabul\lpc_chip_175x_6x\Debug\liblpc_chip_175x_6x.a(clock_17xx_40xx.o)
 .debug_macro   0x00000000       0x10 D:\miescritorio\aplicaciones y juegos\pdisc\pdiscDabul\lpc_chip_175x_6x\Debug\liblpc_chip_175x_6x.a(clock_17xx_40xx.o)
 .debug_macro   0x00000000      0x21b D:\miescritorio\aplicaciones y juegos\pdisc\pdiscDabul\lpc_chip_175x_6x\Debug\liblpc_chip_175x_6x.a(clock_17xx_40xx.o)
 .debug_macro   0x00000000      0x1b9 D:\miescritorio\aplicaciones y juegos\pdisc\pdiscDabul\lpc_chip_175x_6x\Debug\liblpc_chip_175x_6x.a(clock_17xx_40xx.o)
 .debug_macro   0x00000000       0x40 D:\miescritorio\aplicaciones y juegos\pdisc\pdiscDabul\lpc_chip_175x_6x\Debug\liblpc_chip_175x_6x.a(clock_17xx_40xx.o)
 .debug_macro   0x00000000       0x22 D:\miescritorio\aplicaciones y juegos\pdisc\pdiscDabul\lpc_chip_175x_6x\Debug\liblpc_chip_175x_6x.a(clock_17xx_40xx.o)
 .debug_macro   0x00000000      0x162 D:\miescritorio\aplicaciones y juegos\pdisc\pdiscDabul\lpc_chip_175x_6x\Debug\liblpc_chip_175x_6x.a(clock_17xx_40xx.o)
 .debug_macro   0x00000000       0x94 D:\miescritorio\aplicaciones y juegos\pdisc\pdiscDabul\lpc_chip_175x_6x\Debug\liblpc_chip_175x_6x.a(clock_17xx_40xx.o)
 .debug_macro   0x00000000       0xb8 D:\miescritorio\aplicaciones y juegos\pdisc\pdiscDabul\lpc_chip_175x_6x\Debug\liblpc_chip_175x_6x.a(clock_17xx_40xx.o)
 .debug_macro   0x00000000       0x4c D:\miescritorio\aplicaciones y juegos\pdisc\pdiscDabul\lpc_chip_175x_6x\Debug\liblpc_chip_175x_6x.a(clock_17xx_40xx.o)
 .debug_macro   0x00000000       0x16 D:\miescritorio\aplicaciones y juegos\pdisc\pdiscDabul\lpc_chip_175x_6x\Debug\liblpc_chip_175x_6x.a(clock_17xx_40xx.o)
 .debug_macro   0x00000000      0x328 D:\miescritorio\aplicaciones y juegos\pdisc\pdiscDabul\lpc_chip_175x_6x\Debug\liblpc_chip_175x_6x.a(clock_17xx_40xx.o)
 .debug_macro   0x00000000       0x49 D:\miescritorio\aplicaciones y juegos\pdisc\pdiscDabul\lpc_chip_175x_6x\Debug\liblpc_chip_175x_6x.a(clock_17xx_40xx.o)
 .debug_macro   0x00000000       0x16 D:\miescritorio\aplicaciones y juegos\pdisc\pdiscDabul\lpc_chip_175x_6x\Debug\liblpc_chip_175x_6x.a(clock_17xx_40xx.o)
 .debug_macro   0x00000000       0xca D:\miescritorio\aplicaciones y juegos\pdisc\pdiscDabul\lpc_chip_175x_6x\Debug\liblpc_chip_175x_6x.a(clock_17xx_40xx.o)
 .debug_macro   0x00000000       0x18 D:\miescritorio\aplicaciones y juegos\pdisc\pdiscDabul\lpc_chip_175x_6x\Debug\liblpc_chip_175x_6x.a(clock_17xx_40xx.o)
 .text          0x00000000        0x0 d:/nxp/mcuxpressoide_10.0.2_411/ide/tools/bin/../lib/gcc/arm-none-eabi/5.4.1/../../../../arm-none-eabi/lib/armv7-m\libcr_c.a(__weak__main.o)
 .data          0x00000000        0x0 d:/nxp/mcuxpressoide_10.0.2_411/ide/tools/bin/../lib/gcc/arm-none-eabi/5.4.1/../../../../arm-none-eabi/lib/armv7-m\libcr_c.a(__weak__main.o)
 .bss           0x00000000        0x0 d:/nxp/mcuxpressoide_10.0.2_411/ide/tools/bin/../lib/gcc/arm-none-eabi/5.4.1/../../../../arm-none-eabi/lib/armv7-m\libcr_c.a(__weak__main.o)

Memory Configuration

Name             Origin             Length             Attributes
MFlash512        0x00000000         0x00080000         xr
RamLoc32         0x10000000         0x00008000         xrw
RamAHB32         0x2007c000         0x00008000         xrw
*default*        0x00000000         0xffffffff

Linker script and memory map

LOAD ./src/cr_startup_lpc175x_6x.o
LOAD ./src/crp.o
LOAD ./src/semaforo.o
LOAD ./src/sysinit.o
LOAD D:\miescritorio\aplicaciones y juegos\pdisc\pdiscDabul\lpc_chip_175x_6x\Debug\liblpc_chip_175x_6x.a
START GROUP
LOAD d:/nxp/mcuxpressoide_10.0.2_411/ide/tools/bin/../lib/gcc/arm-none-eabi/5.4.1/../../../../arm-none-eabi/lib/armv7-m\libcr_c.a
LOAD d:/nxp/mcuxpressoide_10.0.2_411/ide/tools/bin/../lib/gcc/arm-none-eabi/5.4.1/armv7-m\libcr_eabihelpers.a
END GROUP
                0x00000000                __base_MFlash512 = 0x0
                0x00000000                __base_Flash = 0x0
                0x00080000                __top_MFlash512 = 0x80000
                0x00080000                __top_Flash = 0x80000
                0x10000000                __base_RamLoc32 = 0x10000000
                0x10000000                __base_RAM = 0x10000000
                0x10008000                __top_RamLoc32 = 0x10008000
                0x10008000                __top_RAM = 0x10008000
                0x2007c000                __base_RamAHB32 = 0x2007c000
                0x2007c000                __base_RAM2 = 0x2007c000
                0x20084000                __top_RamAHB32 = 0x20084000
                0x20084000                __top_RAM2 = 0x20084000

.text           0x00000000      0x910
 FILL mask 0xff
                0x00000000                __vectors_start__ = ABSOLUTE (.)
 *(.isr_vector)
 .isr_vector    0x00000000       0xcc ./src/cr_startup_lpc175x_6x.o
                0x00000000                g_pfnVectors
                0x000000cc                . = ALIGN (0x4)
                0x000000cc                __section_table_start = .
                0x000000cc                __data_section_table = .
                0x000000cc        0x4 LONG 0x910 LOADADDR (.data)
                0x000000d0        0x4 LONG 0x10000000 ADDR (.data)
                0x000000d4        0x4 LONG 0x4 SIZEOF (.data)
                0x000000d8        0x4 LONG 0x910 LOADADDR (.data_RAM2)
                0x000000dc        0x4 LONG 0x2007c000 ADDR (.data_RAM2)
                0x000000e0        0x4 LONG 0x0 SIZEOF (.data_RAM2)
                0x000000e4                __data_section_table_end = .
                0x000000e4                __bss_section_table = .
                0x000000e4        0x4 LONG 0x10000004 ADDR (.bss)
                0x000000e8        0x4 LONG 0x8 SIZEOF (.bss)
                0x000000ec        0x4 LONG 0x2007c000 ADDR (.bss_RAM2)
                0x000000f0        0x4 LONG 0x0 SIZEOF (.bss_RAM2)
                0x000000f4                __bss_section_table_end = .
                0x000000f4                __section_table_end = .
 *(.after_vectors*)
 .after_vectors
                0x000000f4      0x1ac ./src/cr_startup_lpc175x_6x.o
                0x000000f4                data_init
                0x00000138                bss_init
                0x00000170                ResetISR
                0x000001e8                NMI_Handler
                0x000001f0                HardFault_Handler
                0x000001f8                MemManage_Handler
                0x00000200                BusFault_Handler
                0x00000208                UsageFault_Handler
                0x00000210                SVC_Handler
                0x00000218                DebugMon_Handler
                0x00000220                PendSV_Handler
                0x00000228                SysTick_Handler
                0x00000298                EINT3_IRQHandler
                0x00000298                CANActivity_IRQHandler
                0x00000298                TIMER3_IRQHandler
                0x00000298                UART0_IRQHandler
                0x00000298                UART1_IRQHandler
                0x00000298                EINT2_IRQHandler
                0x00000298                USBActivity_IRQHandler
                0x00000298                IntDefaultHandler
                0x00000298                PLL0_IRQHandler
                0x00000298                CAN_IRQHandler
                0x00000298                I2C1_IRQHandler
                0x00000298                SSP0_IRQHandler
                0x00000298                I2S_IRQHandler
                0x00000298                I2C2_IRQHandler
                0x00000298                RTC_IRQHandler
                0x00000298                TIMER0_IRQHandler
                0x00000298                SPI_IRQHandler
                0x00000298                RIT_IRQHandler
                0x00000298                EINT1_IRQHandler
                0x00000298                TIMER1_IRQHandler
                0x00000298                UART2_IRQHandler
                0x00000298                ADC_IRQHandler
                0x00000298                SSP1_IRQHandler
                0x00000298                USB_IRQHandler
                0x00000298                BOD_IRQHandler
                0x00000298                I2C0_IRQHandler
                0x00000298                WDT_IRQHandler
                0x00000298                PWM1_IRQHandler
                0x00000298                QEI_IRQHandler
                0x00000298                EINT0_IRQHandler
                0x00000298                ETH_IRQHandler
                0x00000298                PLL1_IRQHandler
                0x00000298                DMA_IRQHandler
                0x00000298                TIMER2_IRQHandler
                0x00000298                UART3_IRQHandler
                0x00000298                MCPWM_IRQHandler
                0x000002fc                . = 0x2fc
 *fill*         0x000002a0       0x5c ff
                0x000002fc                PROVIDE (__CRP_WORD_START__, .)
 *(.crp)
 .crp           0x000002fc        0x4 ./src/crp.o
                0x000002fc                CRP_WORD
                0x00000300                PROVIDE (__CRP_WORD_END__, .)
                0x00000001                ASSERT (! ((__CRP_WORD_START__ == __CRP_WORD_END__)), Linker CRP Enabled, but no CRP_WORD provided within application)
 *(.text*)
 .text.NVIC_SetPriority
                0x00000300       0x54 ./src/semaforo.o
 .text.SysTick_Config
                0x00000354       0x44 ./src/semaforo.o
 .text.Chip_GPIO_SetPinDIROutput
                0x00000398       0x38 ./src/semaforo.o
 .text.Chip_GPIO_SetPinDIRInput
                0x000003d0       0x3c ./src/semaforo.o
 .text.Chip_GPIO_SetPinDIR
                0x0000040c       0x44 ./src/semaforo.o
 .text.Chip_GPIO_SetPinOutHigh
                0x00000450       0x2c ./src/semaforo.o
 .text.Chip_GPIO_SetPinOutLow
                0x0000047c       0x2c ./src/semaforo.o
 .text.main     0x000004a8      0x16c ./src/semaforo.o
                0x000004a8                main
 .text.SystemInit
                0x00000614       0x24 ./src/sysinit.o
                0x00000614                SystemInit
 .text.Chip_IOCON_PinMux
                0x00000638       0x94 D:\miescritorio\aplicaciones y juegos\pdisc\pdiscDabul\lpc_chip_175x_6x\Debug\liblpc_chip_175x_6x.a(iocon_17xx_40xx.o)
                0x00000638                Chip_IOCON_PinMux
 .text.Chip_Clock_IsMainPLLEnabled
                0x000006cc       0x24 D:\miescritorio\aplicaciones y juegos\pdisc\pdiscDabul\lpc_chip_175x_6x\Debug\liblpc_chip_175x_6x.a(sysinit_17xx_40xx.o)
 .text.Chip_Clock_IsMainPLLLocked
                0x000006f0       0x24 D:\miescritorio\aplicaciones y juegos\pdisc\pdiscDabul\lpc_chip_175x_6x\Debug\liblpc_chip_175x_6x.a(sysinit_17xx_40xx.o)
 .text.Chip_Clock_IsMainPLLConnected
                0x00000714       0x24 D:\miescritorio\aplicaciones y juegos\pdisc\pdiscDabul\lpc_chip_175x_6x\Debug\liblpc_chip_175x_6x.a(sysinit_17xx_40xx.o)
 .text.Chip_Clock_SetMainPLLSource
                0x00000738       0x20 D:\miescritorio\aplicaciones y juegos\pdisc\pdiscDabul\lpc_chip_175x_6x\Debug\liblpc_chip_175x_6x.a(sysinit_17xx_40xx.o)
 .text.Chip_SetupIrcClocking
                0x00000758       0x6c D:\miescritorio\aplicaciones y juegos\pdisc\pdiscDabul\lpc_chip_175x_6x\Debug\liblpc_chip_175x_6x.a(sysinit_17xx_40xx.o)
                0x00000758                Chip_SetupIrcClocking
 .text.Chip_SystemInit
                0x000007c4        0xc D:\miescritorio\aplicaciones y juegos\pdisc\pdiscDabul\lpc_chip_175x_6x\Debug\liblpc_chip_175x_6x.a(sysinit_17xx_40xx.o)
                0x000007c4                Chip_SystemInit
 .text.Chip_Clock_FeedPLL
                0x000007d0       0x34 D:\miescritorio\aplicaciones y juegos\pdisc\pdiscDabul\lpc_chip_175x_6x\Debug\liblpc_chip_175x_6x.a(clock_17xx_40xx.o)
 .text.Chip_Clock_EnablePLL
                0x00000804       0x44 D:\miescritorio\aplicaciones y juegos\pdisc\pdiscDabul\lpc_chip_175x_6x\Debug\liblpc_chip_175x_6x.a(clock_17xx_40xx.o)
                0x00000804                Chip_Clock_EnablePLL
 .text.Chip_Clock_DisablePLL
                0x00000848       0x48 D:\miescritorio\aplicaciones y juegos\pdisc\pdiscDabul\lpc_chip_175x_6x\Debug\liblpc_chip_175x_6x.a(clock_17xx_40xx.o)
                0x00000848                Chip_Clock_DisablePLL
 .text.Chip_Clock_SetupPLL
                0x00000890       0x5c D:\miescritorio\aplicaciones y juegos\pdisc\pdiscDabul\lpc_chip_175x_6x\Debug\liblpc_chip_175x_6x.a(clock_17xx_40xx.o)
                0x00000890                Chip_Clock_SetupPLL
 .text.Chip_Clock_SetCPUClockDiv
                0x000008ec       0x20 D:\miescritorio\aplicaciones y juegos\pdisc\pdiscDabul\lpc_chip_175x_6x\Debug\liblpc_chip_175x_6x.a(clock_17xx_40xx.o)
                0x000008ec                Chip_Clock_SetCPUClockDiv
 .text.__weak_main
                0x0000090c        0x4 d:/nxp/mcuxpressoide_10.0.2_411/ide/tools/bin/../lib/gcc/arm-none-eabi/5.4.1/../../../../arm-none-eabi/lib/armv7-m\libcr_c.a(__weak__main.o)
                0x0000090c                __weak_main
                0x0000090c                __main
 *(.rodata .rodata.* .constdata .constdata.*)
                0x00000910                . = ALIGN (0x4)

.glue_7         0x00000910        0x0
 .glue_7        0x00000910        0x0 linker stubs

.glue_7t        0x00000910        0x0
 .glue_7t       0x00000910        0x0 linker stubs

.vfp11_veneer   0x00000910        0x0
 .vfp11_veneer  0x00000910        0x0 linker stubs

.v4_bx          0x00000910        0x0
 .v4_bx         0x00000910        0x0 linker stubs

.iplt           0x00000910        0x0
 .iplt          0x00000910        0x0 ./src/cr_startup_lpc175x_6x.o

.rel.dyn        0x00000910        0x0
 .rel.iplt      0x00000910        0x0 ./src/cr_startup_lpc175x_6x.o

.ARM.extab
 *(.ARM.extab* .gnu.linkonce.armextab.*)
                0x00000910                __exidx_start = .

.ARM.exidx
 *(.ARM.exidx* .gnu.linkonce.armexidx.*)
                0x00000910                __exidx_end = .
                0x00000910                _etext = .

.data_RAM2      0x2007c000        0x0 load address 0x00000910
 FILL mask 0xff
                [!provide]                PROVIDE (__start_data_RAM2, .)
 *(.ramfunc.$RAM2)
 *(.ramfunc.$RamAHB32)
 *(.data.$RAM2*)
 *(.data.$RamAHB32*)
                0x2007c000                . = ALIGN (0x4)
                [!provide]                PROVIDE (__end_data_RAM2, .)

.uninit_RESERVED
                0x10000000        0x0
 *(.bss.$RESERVED*)
                0x10000000                . = ALIGN (0x4)
                0x10000000                _end_uninit_RESERVED = .

.data           0x10000000        0x4 load address 0x00000910
 FILL mask 0xff
                0x10000000                _data = .
 *(vtable)
 *(.ramfunc*)
 *(.data*)
 .data.estado   0x10000000        0x4 ./src/semaforo.o
                0x10000000                estado
                0x10000004                . = ALIGN (0x4)
                0x10000004                _edata = .

.igot.plt       0x10000004        0x0 load address 0x00000914
 .igot.plt      0x10000004        0x0 ./src/cr_startup_lpc175x_6x.o

.bss_RAM2       0x2007c000        0x0
                [!provide]                PROVIDE (__start_bss_RAM2, .)
 *(.bss.$RAM2*)
 *(.bss.$RamAHB32*)
                0x2007c000                . = ALIGN ((. != 0x0)?0x4:0x1)
                [!provide]                PROVIDE (__end_bss_RAM2, .)

.bss            0x10000004        0x8
                0x10000004                _bss = .
 *(.bss*)
 .bss.contador  0x10000004        0x4 ./src/cr_startup_lpc175x_6x.o
                0x10000004                contador
 .bss.flag      0x10000008        0x4 ./src/cr_startup_lpc175x_6x.o
                0x10000008                flag
 *(COMMON)
                0x1000000c                . = ALIGN (0x4)
                0x1000000c                _ebss = .
                [!provide]                PROVIDE (end, .)

.noinit_RAM2    0x2007c000        0x0
 *(.noinit.$RAM2*)
 *(.noinit.$RamAHB32*)
                0x2007c000                . = ALIGN (0x4)

.noinit         0x1000000c        0x0
                0x1000000c                _noinit = .
 *(.noinit*)
                0x1000000c                . = ALIGN (0x4)
                0x1000000c                _end_noinit = .
                [!provide]                PROVIDE (_pvHeapStart, DEFINED (__user_heap_base)?__user_heap_base:.)
                0x10008000                PROVIDE (_vStackTop, DEFINED (__user_stack_top)?__user_stack_top:(__top_RamLoc32 - 0x0))
                0xefff74b2                PROVIDE (__valid_user_code_checksum, (0x0 - ((((((_vStackTop + (ResetISR + 0x1)) + (NMI_Handler + 0x1)) + (HardFault_Handler + 0x1)) + (DEFINED (MemManage_Handler)?MemManage_Handler:0x0 + 0x1)) + (DEFINED (BusFault_Handler)?BusFault_Handler:0x0 + 0x1)) + (DEFINED (UsageFault_Handler)?UsageFault_Handler:0x0 + 0x1))))
OUTPUT(semaforo.axf elf32-littlearm)

.debug_info     0x00000000     0x1fd4
 .debug_info    0x00000000      0x27e ./src/cr_startup_lpc175x_6x.o
 .debug_info    0x0000027e       0x3f ./src/crp.o
 .debug_info    0x000002bd      0x8d2 ./src/semaforo.o
 .debug_info    0x00000b8f      0x1c1 ./src/sysinit.o
 .debug_info    0x00000d50      0x2e9 D:\miescritorio\aplicaciones y juegos\pdisc\pdiscDabul\lpc_chip_175x_6x\Debug\liblpc_chip_175x_6x.a(iocon_17xx_40xx.o)
 .debug_info    0x00001039      0x439 D:\miescritorio\aplicaciones y juegos\pdisc\pdiscDabul\lpc_chip_175x_6x\Debug\liblpc_chip_175x_6x.a(sysinit_17xx_40xx.o)
 .debug_info    0x00001472      0xb62 D:\miescritorio\aplicaciones y juegos\pdisc\pdiscDabul\lpc_chip_175x_6x\Debug\liblpc_chip_175x_6x.a(clock_17xx_40xx.o)

.debug_abbrev   0x00000000      0x9a0
 .debug_abbrev  0x00000000      0x111 ./src/cr_startup_lpc175x_6x.o
 .debug_abbrev  0x00000111       0x36 ./src/crp.o
 .debug_abbrev  0x00000147      0x206 ./src/semaforo.o
 .debug_abbrev  0x0000034d       0xcc ./src/sysinit.o
 .debug_abbrev  0x00000419      0x126 D:\miescritorio\aplicaciones y juegos\pdisc\pdiscDabul\lpc_chip_175x_6x\Debug\liblpc_chip_175x_6x.a(iocon_17xx_40xx.o)
 .debug_abbrev  0x0000053f      0x175 D:\miescritorio\aplicaciones y juegos\pdisc\pdiscDabul\lpc_chip_175x_6x\Debug\liblpc_chip_175x_6x.a(sysinit_17xx_40xx.o)
 .debug_abbrev  0x000006b4      0x2ec D:\miescritorio\aplicaciones y juegos\pdisc\pdiscDabul\lpc_chip_175x_6x\Debug\liblpc_chip_175x_6x.a(clock_17xx_40xx.o)

.debug_aranges  0x00000000      0x2c0
 .debug_aranges
                0x00000000       0x80 ./src/cr_startup_lpc175x_6x.o
 .debug_aranges
                0x00000080       0x18 ./src/crp.o
 .debug_aranges
                0x00000098       0x58 ./src/semaforo.o
 .debug_aranges
                0x000000f0       0x20 ./src/sysinit.o
 .debug_aranges
                0x00000110       0x30 D:\miescritorio\aplicaciones y juegos\pdisc\pdiscDabul\lpc_chip_175x_6x\Debug\liblpc_chip_175x_6x.a(iocon_17xx_40xx.o)
 .debug_aranges
                0x00000140       0x60 D:\miescritorio\aplicaciones y juegos\pdisc\pdiscDabul\lpc_chip_175x_6x\Debug\liblpc_chip_175x_6x.a(sysinit_17xx_40xx.o)
 .debug_aranges
                0x000001a0      0x120 D:\miescritorio\aplicaciones y juegos\pdisc\pdiscDabul\lpc_chip_175x_6x\Debug\liblpc_chip_175x_6x.a(clock_17xx_40xx.o)

.debug_ranges   0x00000000      0x248
 .debug_ranges  0x00000000       0x70 ./src/cr_startup_lpc175x_6x.o
 .debug_ranges  0x00000070       0x48 ./src/semaforo.o
 .debug_ranges  0x000000b8       0x10 ./src/sysinit.o
 .debug_ranges  0x000000c8       0x20 D:\miescritorio\aplicaciones y juegos\pdisc\pdiscDabul\lpc_chip_175x_6x\Debug\liblpc_chip_175x_6x.a(iocon_17xx_40xx.o)
 .debug_ranges  0x000000e8       0x50 D:\miescritorio\aplicaciones y juegos\pdisc\pdiscDabul\lpc_chip_175x_6x\Debug\liblpc_chip_175x_6x.a(sysinit_17xx_40xx.o)
 .debug_ranges  0x00000138      0x110 D:\miescritorio\aplicaciones y juegos\pdisc\pdiscDabul\lpc_chip_175x_6x\Debug\liblpc_chip_175x_6x.a(clock_17xx_40xx.o)

.debug_macro    0x00000000     0x498d
 .debug_macro   0x00000000       0x1d ./src/cr_startup_lpc175x_6x.o
 .debug_macro   0x0000001d      0x892 ./src/cr_startup_lpc175x_6x.o
 .debug_macro   0x000008af       0x1a ./src/crp.o
 .debug_macro   0x000008c9       0x34 ./src/crp.o
 .debug_macro   0x000008fd      0x1d6 ./src/semaforo.o
 .debug_macro   0x00000ad3       0x10 ./src/semaforo.o
 .debug_macro   0x00000ae3      0x12d ./src/semaforo.o
 .debug_macro   0x00000c10      0x5b2 ./src/semaforo.o
 .debug_macro   0x000011c2       0x22 ./src/semaforo.o
 .debug_macro   0x000011e4       0x7b ./src/semaforo.o
 .debug_macro   0x0000125f       0x10 ./src/semaforo.o
 .debug_macro   0x0000126f       0x2d ./src/semaforo.o
 .debug_macro   0x0000129c       0x3a ./src/semaforo.o
 .debug_macro   0x000012d6       0x2d ./src/semaforo.o
 .debug_macro   0x00001303      0xbb1 ./src/semaforo.o
 .debug_macro   0x00001eb4      0x22c ./src/semaforo.o
 .debug_macro   0x000020e0       0x42 ./src/semaforo.o
 .debug_macro   0x00002122       0x52 ./src/semaforo.o
 .debug_macro   0x00002174       0x78 ./src/semaforo.o
 .debug_macro   0x000021ec       0x82 ./src/semaforo.o
 .debug_macro   0x0000226e      0x48c ./src/semaforo.o
 .debug_macro   0x000026fa       0x34 ./src/semaforo.o
 .debug_macro   0x0000272e      0x4c5 ./src/semaforo.o
 .debug_macro   0x00002bf3      0x1b7 ./src/semaforo.o
 .debug_macro   0x00002daa       0x10 ./src/semaforo.o
 .debug_macro   0x00002dba      0x21b ./src/semaforo.o
 .debug_macro   0x00002fd5      0x1b9 ./src/semaforo.o
 .debug_macro   0x0000318e       0x40 ./src/semaforo.o
 .debug_macro   0x000031ce       0x22 ./src/semaforo.o
 .debug_macro   0x000031f0      0x162 ./src/semaforo.o
 .debug_macro   0x00003352       0x94 ./src/semaforo.o
 .debug_macro   0x000033e6       0xb8 ./src/semaforo.o
 .debug_macro   0x0000349e       0x4c ./src/semaforo.o
 .debug_macro   0x000034ea       0x16 ./src/semaforo.o
 .debug_macro   0x00003500      0x328 ./src/semaforo.o
 .debug_macro   0x00003828       0x49 ./src/semaforo.o
 .debug_macro   0x00003871       0x16 ./src/semaforo.o
 .debug_macro   0x00003887       0xca ./src/semaforo.o
 .debug_macro   0x00003951       0x18 ./src/semaforo.o
 .debug_macro   0x00003969       0x6a ./src/semaforo.o
 .debug_macro   0x000039d3      0x1cd ./src/sysinit.o
 .debug_macro   0x00003ba0      0x1cd D:\miescritorio\aplicaciones y juegos\pdisc\pdiscDabul\lpc_chip_175x_6x\Debug\liblpc_chip_175x_6x.a(iocon_17xx_40xx.o)
 .debug_macro   0x00003d6d      0x886 D:\miescritorio\aplicaciones y juegos\pdisc\pdiscDabul\lpc_chip_175x_6x\Debug\liblpc_chip_175x_6x.a(iocon_17xx_40xx.o)
 .debug_macro   0x000045f3      0x1cd D:\miescritorio\aplicaciones y juegos\pdisc\pdiscDabul\lpc_chip_175x_6x\Debug\liblpc_chip_175x_6x.a(sysinit_17xx_40xx.o)
 .debug_macro   0x000047c0      0x1cd D:\miescritorio\aplicaciones y juegos\pdisc\pdiscDabul\lpc_chip_175x_6x\Debug\liblpc_chip_175x_6x.a(clock_17xx_40xx.o)

.debug_line     0x00000000     0x1a4e
 .debug_line    0x00000000       0xea ./src/cr_startup_lpc175x_6x.o
 .debug_line    0x000000ea       0x75 ./src/crp.o
 .debug_line    0x0000015f      0x519 ./src/semaforo.o
 .debug_line    0x00000678      0x402 ./src/sysinit.o
 .debug_line    0x00000a7a      0x43e D:\miescritorio\aplicaciones y juegos\pdisc\pdiscDabul\lpc_chip_175x_6x\Debug\liblpc_chip_175x_6x.a(iocon_17xx_40xx.o)
 .debug_line    0x00000eb8      0x4c8 D:\miescritorio\aplicaciones y juegos\pdisc\pdiscDabul\lpc_chip_175x_6x\Debug\liblpc_chip_175x_6x.a(sysinit_17xx_40xx.o)
 .debug_line    0x00001380      0x6ce D:\miescritorio\aplicaciones y juegos\pdisc\pdiscDabul\lpc_chip_175x_6x\Debug\liblpc_chip_175x_6x.a(clock_17xx_40xx.o)

.debug_str      0x00000000    0x11c03
 .debug_str     0x00000000     0x26b6 ./src/cr_startup_lpc175x_6x.o
                               0x26c9 (size before relaxing)
 .debug_str     0x000026b6       0xe9 ./src/crp.o
                               0x25d3 (size before relaxing)
 .debug_str     0x0000279f     0xe5c9 ./src/semaforo.o
                              0x10bad (size before relaxing)
 .debug_str     0x00010d68       0x1b ./src/sysinit.o
                              0x106ab (size before relaxing)
 .debug_str     0x00010d83      0x1a4 D:\miescritorio\aplicaciones y juegos\pdisc\pdiscDabul\lpc_chip_175x_6x\Debug\liblpc_chip_175x_6x.a(iocon_17xx_40xx.o)
                              0x105aa (size before relaxing)
 .debug_str     0x00010f27      0x282 D:\miescritorio\aplicaciones y juegos\pdisc\pdiscDabul\lpc_chip_175x_6x\Debug\liblpc_chip_175x_6x.a(sysinit_17xx_40xx.o)
                              0x10792 (size before relaxing)
 .debug_str     0x000111a9      0xa5a D:\miescritorio\aplicaciones y juegos\pdisc\pdiscDabul\lpc_chip_175x_6x\Debug\liblpc_chip_175x_6x.a(clock_17xx_40xx.o)
                              0x1112d (size before relaxing)

.comment        0x00000000       0x6e
 .comment       0x00000000       0x6e ./src/cr_startup_lpc175x_6x.o
                                 0x6f (size before relaxing)
 .comment       0x0000006e       0x6f ./src/crp.o
 .comment       0x0000006e       0x6f ./src/semaforo.o
 .comment       0x0000006e       0x6f ./src/sysinit.o
 .comment       0x0000006e       0x6f D:\miescritorio\aplicaciones y juegos\pdisc\pdiscDabul\lpc_chip_175x_6x\Debug\liblpc_chip_175x_6x.a(iocon_17xx_40xx.o)
 .comment       0x0000006e       0x6f D:\miescritorio\aplicaciones y juegos\pdisc\pdiscDabul\lpc_chip_175x_6x\Debug\liblpc_chip_175x_6x.a(sysinit_17xx_40xx.o)
 .comment       0x0000006e       0x6f D:\miescritorio\aplicaciones y juegos\pdisc\pdiscDabul\lpc_chip_175x_6x\Debug\liblpc_chip_175x_6x.a(clock_17xx_40xx.o)
 .comment       0x0000006e       0x6f d:/nxp/mcuxpressoide_10.0.2_411/ide/tools/bin/../lib/gcc/arm-none-eabi/5.4.1/../../../../arm-none-eabi/lib/armv7-m\libcr_c.a(__weak__main.o)

.ARM.attributes
                0x00000000       0x33
 .ARM.attributes
                0x00000000       0x33 ./src/cr_startup_lpc175x_6x.o
 .ARM.attributes
                0x00000033       0x33 ./src/crp.o
 .ARM.attributes
                0x00000066       0x33 ./src/semaforo.o
 .ARM.attributes
                0x00000099       0x33 ./src/sysinit.o
 .ARM.attributes
                0x000000cc       0x33 D:\miescritorio\aplicaciones y juegos\pdisc\pdiscDabul\lpc_chip_175x_6x\Debug\liblpc_chip_175x_6x.a(iocon_17xx_40xx.o)
 .ARM.attributes
                0x000000ff       0x33 D:\miescritorio\aplicaciones y juegos\pdisc\pdiscDabul\lpc_chip_175x_6x\Debug\liblpc_chip_175x_6x.a(sysinit_17xx_40xx.o)
 .ARM.attributes
                0x00000132       0x33 D:\miescritorio\aplicaciones y juegos\pdisc\pdiscDabul\lpc_chip_175x_6x\Debug\liblpc_chip_175x_6x.a(clock_17xx_40xx.o)
 .ARM.attributes
                0x00000165       0x33 d:/nxp/mcuxpressoide_10.0.2_411/ide/tools/bin/../lib/gcc/arm-none-eabi/5.4.1/../../../../arm-none-eabi/lib/armv7-m\libcr_c.a(__weak__main.o)

.debug_frame    0x00000000      0x928
 .debug_frame   0x00000000      0x178 ./src/cr_startup_lpc175x_6x.o
 .debug_frame   0x00000178      0x140 ./src/semaforo.o
 .debug_frame   0x000002b8       0x34 ./src/sysinit.o
 .debug_frame   0x000002ec       0x80 D:\miescritorio\aplicaciones y juegos\pdisc\pdiscDabul\lpc_chip_175x_6x\Debug\liblpc_chip_175x_6x.a(iocon_17xx_40xx.o)
 .debug_frame   0x0000036c      0x12c D:\miescritorio\aplicaciones y juegos\pdisc\pdiscDabul\lpc_chip_175x_6x\Debug\liblpc_chip_175x_6x.a(sysinit_17xx_40xx.o)
 .debug_frame   0x00000498      0x490 D:\miescritorio\aplicaciones y juegos\pdisc\pdiscDabul\lpc_chip_175x_6x\Debug\liblpc_chip_175x_6x.a(clock_17xx_40xx.o)
